set_traffic_led.c:11:6:set_7Segment_1	16	static
set_traffic_led.c:116:6:set_7Segment_2	16	static
set_traffic_led.c:120:6:set_red	8	static
set_traffic_led.c:126:6:set_green	8	static
set_traffic_led.c:132:6:set_yellow	8	static
set_traffic_led.c:138:6:set_red_follow	8	static
set_traffic_led.c:144:6:set_green_follow	8	static
set_traffic_led.c:150:6:set_yellow_follow	8	static
set_traffic_led.c:156:6:set_autoAjust_red	16	static
set_traffic_led.c:162:6:set_autoAjust_yellow	16	static
set_traffic_led.c:168:6:set_autoAjust_green	16	static
set_traffic_led.c:175:6:clear	8	static
