Archive member included to satisfy reference by file (symbol)

c:/st/stm32cubeide_1.7.0/stm32cubeide/plugins/com.st.stm32cube.ide.mcu.externaltools.gnu-tools-for-stm32.9-2020-q2-update.win32_2.0.0.202105311346/tools/bin/../lib/gcc/arm-none-eabi/9.3.1/../../../../arm-none-eabi/lib/thumb/v7-m/nofp\libc_nano.a(lib_a-errno.o)
                              ./Core/Src/syscalls.o (__errno)
c:/st/stm32cubeide_1.7.0/stm32cubeide/plugins/com.st.stm32cube.ide.mcu.externaltools.gnu-tools-for-stm32.9-2020-q2-update.win32_2.0.0.202105311346/tools/bin/../lib/gcc/arm-none-eabi/9.3.1/../../../../arm-none-eabi/lib/thumb/v7-m/nofp\libc_nano.a(lib_a-exit.o)
                              c:/st/stm32cubeide_1.7.0/stm32cubeide/plugins/com.st.stm32cube.ide.mcu.externaltools.gnu-tools-for-stm32.9-2020-q2-update.win32_2.0.0.202105311346/tools/bin/../lib/gcc/arm-none-eabi/9.3.1/../../../../arm-none-eabi/lib/thumb/v7-m/nofp/crt0.o (exit)
c:/st/stm32cubeide_1.7.0/stm32cubeide/plugins/com.st.stm32cube.ide.mcu.externaltools.gnu-tools-for-stm32.9-2020-q2-update.win32_2.0.0.202105311346/tools/bin/../lib/gcc/arm-none-eabi/9.3.1/../../../../arm-none-eabi/lib/thumb/v7-m/nofp\libc_nano.a(lib_a-impure.o)
                              c:/st/stm32cubeide_1.7.0/stm32cubeide/plugins/com.st.stm32cube.ide.mcu.externaltools.gnu-tools-for-stm32.9-2020-q2-update.win32_2.0.0.202105311346/tools/bin/../lib/gcc/arm-none-eabi/9.3.1/../../../../arm-none-eabi/lib/thumb/v7-m/nofp\libc_nano.a(lib_a-exit.o) (_global_impure_ptr)
c:/st/stm32cubeide_1.7.0/stm32cubeide/plugins/com.st.stm32cube.ide.mcu.externaltools.gnu-tools-for-stm32.9-2020-q2-update.win32_2.0.0.202105311346/tools/bin/../lib/gcc/arm-none-eabi/9.3.1/../../../../arm-none-eabi/lib/thumb/v7-m/nofp\libc_nano.a(lib_a-init.o)
                              c:/st/stm32cubeide_1.7.0/stm32cubeide/plugins/com.st.stm32cube.ide.mcu.externaltools.gnu-tools-for-stm32.9-2020-q2-update.win32_2.0.0.202105311346/tools/bin/../lib/gcc/arm-none-eabi/9.3.1/../../../../arm-none-eabi/lib/thumb/v7-m/nofp/crt0.o (__libc_init_array)
c:/st/stm32cubeide_1.7.0/stm32cubeide/plugins/com.st.stm32cube.ide.mcu.externaltools.gnu-tools-for-stm32.9-2020-q2-update.win32_2.0.0.202105311346/tools/bin/../lib/gcc/arm-none-eabi/9.3.1/../../../../arm-none-eabi/lib/thumb/v7-m/nofp\libc_nano.a(lib_a-memset.o)
                              c:/st/stm32cubeide_1.7.0/stm32cubeide/plugins/com.st.stm32cube.ide.mcu.externaltools.gnu-tools-for-stm32.9-2020-q2-update.win32_2.0.0.202105311346/tools/bin/../lib/gcc/arm-none-eabi/9.3.1/../../../../arm-none-eabi/lib/thumb/v7-m/nofp/crt0.o (memset)
c:/st/stm32cubeide_1.7.0/stm32cubeide/plugins/com.st.stm32cube.ide.mcu.externaltools.gnu-tools-for-stm32.9-2020-q2-update.win32_2.0.0.202105311346/tools/bin/../lib/gcc/arm-none-eabi/9.3.1/thumb/v7-m/nofp\libgcc.a(_arm_mulsf3.o)
                              ./Core/Src/fsm_automatic.o (__aeabi_fmul)
c:/st/stm32cubeide_1.7.0/stm32cubeide/plugins/com.st.stm32cube.ide.mcu.externaltools.gnu-tools-for-stm32.9-2020-q2-update.win32_2.0.0.202105311346/tools/bin/../lib/gcc/arm-none-eabi/9.3.1/thumb/v7-m/nofp\libgcc.a(_arm_addsubsf3.o)
                              ./Core/Src/fsm_automatic.o (__aeabi_fsub)
c:/st/stm32cubeide_1.7.0/stm32cubeide/plugins/com.st.stm32cube.ide.mcu.externaltools.gnu-tools-for-stm32.9-2020-q2-update.win32_2.0.0.202105311346/tools/bin/../lib/gcc/arm-none-eabi/9.3.1/thumb/v7-m/nofp\libgcc.a(_arm_muldivsf3.o)
                              ./Core/Src/fsm_automatic.o (__aeabi_fdiv)
c:/st/stm32cubeide_1.7.0/stm32cubeide/plugins/com.st.stm32cube.ide.mcu.externaltools.gnu-tools-for-stm32.9-2020-q2-update.win32_2.0.0.202105311346/tools/bin/../lib/gcc/arm-none-eabi/9.3.1/thumb/v7-m/nofp\libgcc.a(_arm_cmpsf2.o)
                              ./Core/Src/fsm_automatic.o (__aeabi_fcmplt)
c:/st/stm32cubeide_1.7.0/stm32cubeide/plugins/com.st.stm32cube.ide.mcu.externaltools.gnu-tools-for-stm32.9-2020-q2-update.win32_2.0.0.202105311346/tools/bin/../lib/gcc/arm-none-eabi/9.3.1/thumb/v7-m/nofp\libgcc.a(_arm_fixsfsi.o)
                              ./Core/Src/fsm_automatic.o (__aeabi_f2iz)

Allocating common symbols
Common symbol       size              file

uwTick              0x4               ./Drivers/STM32F1xx_HAL_Driver/Src/stm32f1xx_hal.o
pFlash              0x20              ./Drivers/STM32F1xx_HAL_Driver/Src/stm32f1xx_hal_flash.o
htim2               0x48              ./Core/Src/main.o

Discarded input sections

 .text          0x0000000000000000        0x0 c:/st/stm32cubeide_1.7.0/stm32cubeide/plugins/com.st.stm32cube.ide.mcu.externaltools.gnu-tools-for-stm32.9-2020-q2-update.win32_2.0.0.202105311346/tools/bin/../lib/gcc/arm-none-eabi/9.3.1/thumb/v7-m/nofp/crti.o
 .data          0x0000000000000000        0x0 c:/st/stm32cubeide_1.7.0/stm32cubeide/plugins/com.st.stm32cube.ide.mcu.externaltools.gnu-tools-for-stm32.9-2020-q2-update.win32_2.0.0.202105311346/tools/bin/../lib/gcc/arm-none-eabi/9.3.1/thumb/v7-m/nofp/crti.o
[...]
Memory Configuration

Name             Origin             Length             Attributes
RAM              0x0000000020000000 0x0000000000002800 xrw
FLASH            0x0000000008000000 0x0000000000008000 xr
*default*        0x0000000000000000 0xffffffffffffffff

Linker script and memory map

LOAD c:/st/stm32cubeide_1.7.0/stm32cubeide/plugins/com.st.stm32cube.ide.mcu.externaltools.gnu-tools-for-stm32.9-2020-q2-update.win32_2.0.0.202105311346/tools/bin/../lib/gcc/arm-none-eabi/9.3.1/thumb/v7-m/nofp/crti.o
LOAD c:/st/stm32cubeide_1.7.0/stm32cubeide/plugins/com.st.stm32cube.ide.mcu.externaltools.gnu-tools-for-stm32.9-2020-q2-update.win32_2.0.0.202105311346/tools/bin/../lib/gcc/arm-none-eabi/9.3.1/thumb/v7-m/nofp/crtbegin.o
LOAD c:/st/stm32cubeide_1.7.0/stm32cubeide/plugins/com.st.stm32cube.ide.mcu.externaltools.gnu-tools-for-stm32.9-2020-q2-update.win32_2.0.0.202105311346/tools/bin/../lib/gcc/arm-none-eabi/9.3.1/../../../../arm-none-eabi/lib/thumb/v7-m/nofp/crt0.o
LOAD ./Core/Src/button.o
LOAD ./Core/Src/fsm_automatic.o
LOAD ./Core/Src/fsm_manual.o
LOAD ./Core/Src/global.o
LOAD ./Core/Src/main.o
LOAD ./Core/Src/set_traffic_led.o
LOAD ./Core/Src/software_timer.o
LOAD ./Core/Src/stm32f1xx_hal_msp.o
LOAD ./Core/Src/stm32f1xx_it.o
LOAD ./Core/Src/syscalls.o
LOAD ./Core/Src/sysmem.o
LOAD ./Core/Src/system_stm32f1xx.o
LOAD ./Core/Startup/startup_stm32f103c6ux.o
LOAD ./Drivers/STM32F1xx_HAL_Driver/Src/stm32f1xx_hal.o
LOAD ./Drivers/STM32F1xx_HAL_Driver/Src/stm32f1xx_hal_cortex.o
LOAD ./Drivers/STM32F1xx_HAL_Driver/Src/stm32f1xx_hal_dma.o
LOAD ./Drivers/STM32F1xx_HAL_Driver/Src/stm32f1xx_hal_exti.o
LOAD ./Drivers/STM32F1xx_HAL_Driver/Src/stm32f1xx_hal_flash.o
LOAD ./Drivers/STM32F1xx_HAL_Driver/Src/stm32f1xx_hal_flash_ex.o
LOAD ./Drivers/STM32F1xx_HAL_Driver/Src/stm32f1xx_hal_gpio.o
LOAD ./Drivers/STM32F1xx_HAL_Driver/Src/stm32f1xx_hal_gpio_ex.o
LOAD ./Drivers/STM32F1xx_HAL_Driver/Src/stm32f1xx_hal_pwr.o
LOAD ./Drivers/STM32F1xx_HAL_Driver/Src/stm32f1xx_hal_rcc.o
LOAD ./Drivers/STM32F1xx_HAL_Driver/Src/stm32f1xx_hal_rcc_ex.o
LOAD ./Drivers/STM32F1xx_HAL_Driver/Src/stm32f1xx_hal_tim.o
LOAD ./Drivers/STM32F1xx_HAL_Driver/Src/stm32f1xx_hal_tim_ex.o
START GROUP
LOAD c:/st/stm32cubeide_1.7.0/stm32cubeide/plugins/com.st.stm32cube.ide.mcu.externaltools.gnu-tools-for-stm32.9-2020-q2-update.win32_2.0.0.202105311346/tools/bin/../lib/gcc/arm-none-eabi/9.3.1/../../../../arm-none-eabi/lib/thumb/v7-m/nofp\libc_nano.a
LOAD c:/st/stm32cubeide_1.7.0/stm32cubeide/plugins/com.st.stm32cube.ide.mcu.externaltools.gnu-tools-for-stm32.9-2020-q2-update.win32_2.0.0.202105311346/tools/bin/../lib/gcc/arm-none-eabi/9.3.1/../../../../arm-none-eabi/lib/thumb/v7-m/nofp\libm.a
END GROUP
START GROUP
LOAD c:/st/stm32cubeide_1.7.0/stm32cubeide/plugins/com.st.stm32cube.ide.mcu.externaltools.gnu-tools-for-stm32.9-2020-q2-update.win32_2.0.0.202105311346/tools/bin/../lib/gcc/arm-none-eabi/9.3.1/thumb/v7-m/nofp\libgcc.a
LOAD c:/st/stm32cubeide_1.7.0/stm32cubeide/plugins/com.st.stm32cube.ide.mcu.externaltools.gnu-tools-for-stm32.9-2020-q2-update.win32_2.0.0.202105311346/tools/bin/../lib/gcc/arm-none-eabi/9.3.1/../../../../arm-none-eabi/lib/thumb/v7-m/nofp\libc_nano.a
END GROUP
START GROUP
LOAD c:/st/stm32cubeide_1.7.0/stm32cubeide/plugins/com.st.stm32cube.ide.mcu.externaltools.gnu-tools-for-stm32.9-2020-q2-update.win32_2.0.0.202105311346/tools/bin/../lib/gcc/arm-none-eabi/9.3.1/thumb/v7-m/nofp\libgcc.a
LOAD c:/st/stm32cubeide_1.7.0/stm32cubeide/plugins/com.st.stm32cube.ide.mcu.externaltools.gnu-tools-for-stm32.9-2020-q2-update.win32_2.0.0.202105311346/tools/bin/../lib/gcc/arm-none-eabi/9.3.1/../../../../arm-none-eabi/lib/thumb/v7-m/nofp\libc_nano.a
LOAD c:/st/stm32cubeide_1.7.0/stm32cubeide/plugins/com.st.stm32cube.ide.mcu.externaltools.gnu-tools-for-stm32.9-2020-q2-update.win32_2.0.0.202105311346/tools/bin/../lib/gcc/arm-none-eabi/9.3.1/../../../../arm-none-eabi/lib/thumb/v7-m/nofp\libnosys.a
END GROUP
START GROUP
LOAD c:/st/stm32cubeide_1.7.0/stm32cubeide/plugins/com.st.stm32cube.ide.mcu.externaltools.gnu-tools-for-stm32.9-2020-q2-update.win32_2.0.0.202105311346/tools/bin/../lib/gcc/arm-none-eabi/9.3.1/thumb/v7-m/nofp\libgcc.a
LOAD c:/st/stm32cubeide_1.7.0/stm32cubeide/plugins/com.st.stm32cube.ide.mcu.externaltools.gnu-tools-for-stm32.9-2020-q2-update.win32_2.0.0.202105311346/tools/bin/../lib/gcc/arm-none-eabi/9.3.1/../../../../arm-none-eabi/lib/thumb/v7-m/nofp\libc_nano.a
LOAD c:/st/stm32cubeide_1.7.0/stm32cubeide/plugins/com.st.stm32cube.ide.mcu.externaltools.gnu-tools-for-stm32.9-2020-q2-update.win32_2.0.0.202105311346/tools/bin/../lib/gcc/arm-none-eabi/9.3.1/../../../../arm-none-eabi/lib/thumb/v7-m/nofp\libnosys.a
END GROUP
LOAD c:/st/stm32cubeide_1.7.0/stm32cubeide/plugins/com.st.stm32cube.ide.mcu.externaltools.gnu-tools-for-stm32.9-2020-q2-update.win32_2.0.0.202105311346/tools/bin/../lib/gcc/arm-none-eabi/9.3.1/thumb/v7-m/nofp/crtend.o
LOAD c:/st/stm32cubeide_1.7.0/stm32cubeide/plugins/com.st.stm32cube.ide.mcu.externaltools.gnu-tools-for-stm32.9-2020-q2-update.win32_2.0.0.202105311346/tools/bin/../lib/gcc/arm-none-eabi/9.3.1/thumb/v7-m/nofp/crtn.o
                0x0000000020002800                _estack = (ORIGIN (RAM) + LENGTH (RAM))
                0x0000000000000200                _Min_Heap_Size = 0x200
                0x0000000000000400                _Min_Stack_Size = 0x400

.isr_vector     0x0000000008000000      0x10c
                0x0000000008000000                . = ALIGN (0x4)
 *(.isr_vector)
 .isr_vector    0x0000000008000000      0x10c ./Core/Startup/startup_stm32f103c6ux.o
                0x0000000008000000                g_pfnVectors
                0x000000000800010c                . = ALIGN (0x4)

.text           0x000000000800010c     0x3abc
                0x000000000800010c                . = ALIGN (0x4)
 *(.text)
 .text          0x000000000800010c       0x40 c:/st/stm32cubeide_1.7.0/stm32cubeide/plugins/com.st.stm32cube.ide.mcu.externaltools.gnu-tools-for-stm32.9-2020-q2-update.win32_2.0.0.202105311346/tools/bin/../lib/gcc/arm-none-eabi/9.3.1/thumb/v7-m/nofp/crtbegin.o
 .text          0x000000000800014c      0x21c c:/st/stm32cubeide_1.7.0/stm32cubeide/plugins/com.st.stm32cube.ide.mcu.externaltools.gnu-tools-for-stm32.9-2020-q2-update.win32_2.0.0.202105311346/tools/bin/../lib/gcc/arm-none-eabi/9.3.1/thumb/v7-m/nofp\libgcc.a(_arm_addsubsf3.o)
                0x000000000800014c                __aeabi_frsub
                0x0000000008000154                __subsf3
                0x0000000008000154                __aeabi_fsub
                0x0000000008000158                __aeabi_fadd
                0x0000000008000158                __addsf3
                0x00000000080002b8                __aeabi_ui2f
                0x00000000080002b8                __floatunsisf
                0x00000000080002c0                __aeabi_i2f
                0x00000000080002c0                __floatsisf
                0x00000000080002dc                __aeabi_ul2f
                0x00000000080002dc                __floatundisf
                0x00000000080002ec                __aeabi_l2f
                0x00000000080002ec                __floatdisf
 .text          0x0000000008000368      0x2a0 c:/st/stm32cubeide_1.7.0/stm32cubeide/plugins/com.st.stm32cube.ide.mcu.externaltools.gnu-tools-for-stm32.9-2020-q2-update.win32_2.0.0.202105311346/tools/bin/../lib/gcc/arm-none-eabi/9.3.1/thumb/v7-m/nofp\libgcc.a(_arm_muldivsf3.o)
                0x0000000008000368                __mulsf3
                0x0000000008000368                __aeabi_fmul
                0x00000000080004d0                __aeabi_fdiv
                0x00000000080004d0                __divsf3
 .text          0x0000000008000608       0xec c:/st/stm32cubeide_1.7.0/stm32cubeide/plugins/com.st.stm32cube.ide.mcu.externaltools.gnu-tools-for-stm32.9-2020-q2-update.win32_2.0.0.202105311346/tools/bin/../lib/gcc/arm-none-eabi/9.3.1/thumb/v7-m/nofp\libgcc.a(_arm_cmpsf2.o)
                0x0000000008000608                __gesf2
                0x0000000008000608                __gtsf2
                0x0000000008000610                __lesf2
                0x0000000008000610                __ltsf2
                0x0000000008000618                __nesf2
                0x0000000008000618                __eqsf2
                0x0000000008000618                __cmpsf2
                0x0000000008000678                __aeabi_cfrcmple
                0x0000000008000680                __aeabi_cfcmpeq
                0x0000000008000680                __aeabi_cfcmple
                0x0000000008000690                __aeabi_fcmpeq
                0x00000000080006a4                __aeabi_fcmplt
                0x00000000080006b8                __aeabi_fcmple
                0x00000000080006cc                __aeabi_fcmpge
                0x00000000080006e0                __aeabi_fcmpgt
 .text          0x00000000080006f4       0x4c c:/st/stm32cubeide_1.7.0/stm32cubeide/plugins/com.st.stm32cube.ide.mcu.externaltools.gnu-tools-for-stm32.9-2020-q2-update.win32_2.0.0.202105311346/tools/bin/../lib/gcc/arm-none-eabi/9.3.1/thumb/v7-m/nofp\libgcc.a(_arm_fixsfsi.o)
                0x00000000080006f4                __aeabi_f2iz
                0x00000000080006f4                __fixsfsi
 *(.text*)
 .text.set_button1_flag
                0x0000000008000740       0x18 ./Core/Src/button.o
                0x0000000008000740                set_button1_flag
 .text.set_button2_flag
                0x0000000008000758       0x18 ./Core/Src/button.o
                0x0000000008000758                set_button2_flag
 .text.isButton2Pressed
                0x0000000008000770       0x24 ./Core/Src/button.o
                0x0000000008000770                isButton2Pressed
 .text.isButton1Pressed
                0x0000000008000794       0x24 ./Core/Src/button.o
                0x0000000008000794                isButton1Pressed
 .text.Button1Press
                0x00000000080007b8       0xa8 ./Core/Src/button.o
                0x00000000080007b8                Button1Press
 .text.set_duration_main
                0x0000000008000860       0xdc ./Core/Src/button.o
                0x0000000008000860                set_duration_main
 .text.fsm_automatic_run
                0x000000000800093c      0x1ec ./Core/Src/fsm_automatic.o
                0x000000000800093c                fsm_automatic_run
 .text.reset_counter
                0x0000000008000b28       0x3c ./Core/Src/fsm_automatic.o
                0x0000000008000b28                reset_counter
 .text.reset_counter_follow
                0x0000000008000b64       0x3c ./Core/Src/fsm_automatic.o
                0x0000000008000b64                reset_counter_follow
 .text.traffic_7Segment_led
                0x0000000008000ba0      0x254 ./Core/Src/fsm_automatic.o
                0x0000000008000ba0                traffic_7Segment_led
 .text.traffic_7Segment_led1
                0x0000000008000df4      0x320 ./Core/Src/fsm_automatic.o
                0x0000000008000df4                traffic_7Segment_led1
 .text.fsm_manual_run
                0x0000000008001114      0x284 ./Core/Src/fsm_manual.o
                0x0000000008001114                fsm_manual_run
 .text.main     0x0000000008001398       0x3c ./Core/Src/main.o
                0x0000000008001398                main
 .text.SystemClock_Config
                0x00000000080013d4       0x76 ./Core/Src/main.o
                0x00000000080013d4                SystemClock_Config
 *fill*         0x000000000800144a        0x2 
 .text.MX_TIM2_Init
                0x000000000800144c       0x98 ./Core/Src/main.o
 .text.MX_GPIO_Init
                0x00000000080014e4       0xfc ./Core/Src/main.o
 .text.HAL_TIM_PeriodElapsedCallback
                0x00000000080015e0       0x1c ./Core/Src/main.o
                0x00000000080015e0                HAL_TIM_PeriodElapsedCallback
 .text.Error_Handler
                0x00000000080015fc        0xa ./Core/Src/main.o
                0x00000000080015fc                Error_Handler
 *fill*         0x0000000008001606        0x2 
 .text.set_7Segment_2
                0x0000000008001608      0x3f0 ./Core/Src/set_traffic_led.o
                0x0000000008001608                set_7Segment_2
 .text.set_7Segment_1
                0x00000000080019f8      0x360 ./Core/Src/set_traffic_led.o
                0x00000000080019f8                set_7Segment_1
 .text.set_red  0x0000000008001d58       0x2c ./Core/Src/set_traffic_led.o
                0x0000000008001d58                set_red
 .text.set_green
                0x0000000008001d84       0x2c ./Core/Src/set_traffic_led.o
                0x0000000008001d84                set_green
 .text.set_yellow
                0x0000000008001db0       0x2c ./Core/Src/set_traffic_led.o
                0x0000000008001db0                set_yellow
 .text.set_red_follow
                0x0000000008001ddc       0x2c ./Core/Src/set_traffic_led.o
                0x0000000008001ddc                set_red_follow
 .text.set_green_follow
                0x0000000008001e08       0x2c ./Core/Src/set_traffic_led.o
                0x0000000008001e08                set_green_follow
 .text.set_yellow_follow
                0x0000000008001e34       0x2c ./Core/Src/set_traffic_led.o
                0x0000000008001e34                set_yellow_follow
 .text.set_autoAjust_red
                0x0000000008001e60       0x74 ./Core/Src/set_traffic_led.o
                0x0000000008001e60                set_autoAjust_red
 .text.set_autoAjust_yellow
                0x0000000008001ed4       0x78 ./Core/Src/set_traffic_led.o
                0x0000000008001ed4                set_autoAjust_yellow
 .text.set_autoAjust_green
                0x0000000008001f4c       0x74 ./Core/Src/set_traffic_led.o
                0x0000000008001f4c                set_autoAjust_green
 .text.clear    0x0000000008001fc0       0x2c ./Core/Src/set_traffic_led.o
                0x0000000008001fc0                clear
 .text.clear_follow
                0x0000000008001fec       0x2c ./Core/Src/set_traffic_led.o
                0x0000000008001fec                clear_follow
 .text.set_7segled_mode
                0x0000000008002018      0x1a0 ./Core/Src/set_traffic_led.o
                0x0000000008002018                set_7segled_mode
 .text.set_7segled_duration
                0x00000000080021b8       0x90 ./Core/Src/set_traffic_led.o
                0x00000000080021b8                set_7segled_duration
 .text.set_Timer1
                0x0000000008002248       0x28 ./Core/Src/software_timer.o
                0x0000000008002248                set_Timer1
 .text.set_Timer2
                0x0000000008002270       0x28 ./Core/Src/software_timer.o
                0x0000000008002270                set_Timer2
 .text.set_Timer3
                0x0000000008002298       0x28 ./Core/Src/software_timer.o
                0x0000000008002298                set_Timer3
 .text.set_Timer4
                0x00000000080022c0       0x28 ./Core/Src/software_timer.o
                0x00000000080022c0                set_Timer4
 .text.set_Timer5
                0x00000000080022e8       0x28 ./Core/Src/software_timer.o
                0x00000000080022e8                set_Timer5
 .text.set_Timer6
                0x0000000008002310       0x28 ./Core/Src/software_timer.o
                0x0000000008002310                set_Timer6
 .text.timerRun
                0x0000000008002338       0xfc ./Core/Src/software_timer.o
                0x0000000008002338                timerRun
 .text.HAL_MspInit
                0x0000000008002434       0x64 ./Core/Src/stm32f1xx_hal_msp.o
                0x0000000008002434                HAL_MspInit
 .text.HAL_TIM_Base_MspInit
                0x0000000008002498       0x48 ./Core/Src/stm32f1xx_hal_msp.o
                0x0000000008002498                HAL_TIM_Base_MspInit
 .text.NMI_Handler
                0x00000000080024e0        0x6 ./Core/Src/stm32f1xx_it.o
                0x00000000080024e0                NMI_Handler
 .text.HardFault_Handler
                0x00000000080024e6        0x6 ./Core/Src/stm32f1xx_it.o
                0x00000000080024e6                HardFault_Handler
 .text.MemManage_Handler
                0x00000000080024ec        0x6 ./Core/Src/stm32f1xx_it.o
                0x00000000080024ec                MemManage_Handler
 .text.BusFault_Handler
                0x00000000080024f2        0x6 ./Core/Src/stm32f1xx_it.o
                0x00000000080024f2                BusFault_Handler
 .text.UsageFault_Handler
                0x00000000080024f8        0x6 ./Core/Src/stm32f1xx_it.o
                0x00000000080024f8                UsageFault_Handler
 .text.SVC_Handler
                0x00000000080024fe        0xc ./Core/Src/stm32f1xx_it.o
                0x00000000080024fe                SVC_Handler
 .text.DebugMon_Handler
                0x000000000800250a        0xc ./Core/Src/stm32f1xx_it.o
                0x000000000800250a                DebugMon_Handler
 .text.PendSV_Handler
                0x0000000008002516        0xc ./Core/Src/stm32f1xx_it.o
                0x0000000008002516                PendSV_Handler
 .text.SysTick_Handler
                0x0000000008002522        0xc ./Core/Src/stm32f1xx_it.o
                0x0000000008002522                SysTick_Handler
 *fill*         0x000000000800252e        0x2 
 .text.TIM2_IRQHandler
                0x0000000008002530       0x14 ./Core/Src/stm32f1xx_it.o
                0x0000000008002530                TIM2_IRQHandler
 .text.SystemInit
                0x0000000008002544        0xc ./Core/Src/system_stm32f1xx.o
                0x0000000008002544                SystemInit
 .text.Reset_Handler
                0x0000000008002550       0x48 ./Core/Startup/startup_stm32f103c6ux.o
                0x0000000008002550                Reset_Handler
 .text.Default_Handler
                0x0000000008002598        0x2 ./Core/Startup/startup_stm32f103c6ux.o
                0x0000000008002598                RTC_Alarm_IRQHandler
                0x0000000008002598                EXTI2_IRQHandler
                0x0000000008002598                TIM1_CC_IRQHandler
                0x0000000008002598                PVD_IRQHandler
                0x0000000008002598                EXTI3_IRQHandler
                0x0000000008002598                EXTI0_IRQHandler
                0x0000000008002598                ADC1_2_IRQHandler
                0x0000000008002598                SPI1_IRQHandler
                0x0000000008002598                TAMPER_IRQHandler
                0x0000000008002598                DMA1_Channel4_IRQHandler
                0x0000000008002598                RTC_IRQHandler
                0x0000000008002598                DMA1_Channel7_IRQHandler
                0x0000000008002598                CAN1_RX1_IRQHandler
                0x0000000008002598                I2C1_EV_IRQHandler
                0x0000000008002598                DMA1_Channel6_IRQHandler
                0x0000000008002598                TIM3_IRQHandler
                0x0000000008002598                RCC_IRQHandler
                0x0000000008002598                TIM1_TRG_COM_IRQHandler
                0x0000000008002598                DMA1_Channel1_IRQHandler
                0x0000000008002598                Default_Handler
                0x0000000008002598                EXTI15_10_IRQHandler
                0x0000000008002598                EXTI9_5_IRQHandler
                0x0000000008002598                DMA1_Channel5_IRQHandler
                0x0000000008002598                EXTI4_IRQHandler
                0x0000000008002598                USB_LP_CAN1_RX0_IRQHandler
                0x0000000008002598                USB_HP_CAN1_TX_IRQHandler
                0x0000000008002598                DMA1_Channel3_IRQHandler
                0x0000000008002598                TIM1_UP_IRQHandler
                0x0000000008002598                WWDG_IRQHandler
                0x0000000008002598                TIM1_BRK_IRQHandler
                0x0000000008002598                EXTI1_IRQHandler
                0x0000000008002598                USART2_IRQHandler
                0x0000000008002598                DMA1_Channel2_IRQHandler
                0x0000000008002598                CAN1_SCE_IRQHandler
                0x0000000008002598                FLASH_IRQHandler
                0x0000000008002598                USART1_IRQHandler
                0x0000000008002598                I2C1_ER_IRQHandler
                0x0000000008002598                USBWakeUp_IRQHandler
 *fill*         0x000000000800259a        0x2 
 .text.HAL_Init
                0x000000000800259c       0x2c ./Drivers/STM32F1xx_HAL_Driver/Src/stm32f1xx_hal.o
                0x000000000800259c                HAL_Init
 .text.HAL_InitTick
                0x00000000080025c8       0x60 ./Drivers/STM32F1xx_HAL_Driver/Src/stm32f1xx_hal.o
                0x00000000080025c8                HAL_InitTick
 .text.HAL_IncTick
                0x0000000008002628       0x24 ./Drivers/STM32F1xx_HAL_Driver/Src/stm32f1xx_hal.o
                0x0000000008002628                HAL_IncTick
 .text.HAL_GetTick
                0x000000000800264c       0x14 ./Drivers/STM32F1xx_HAL_Driver/Src/stm32f1xx_hal.o
                0x000000000800264c                HAL_GetTick
 .text.__NVIC_SetPriorityGrouping
                0x0000000008002660       0x48 ./Drivers/STM32F1xx_HAL_Driver/Src/stm32f1xx_hal_cortex.o
 .text.__NVIC_GetPriorityGrouping
                0x00000000080026a8       0x1c ./Drivers/STM32F1xx_HAL_Driver/Src/stm32f1xx_hal_cortex.o
 .text.__NVIC_EnableIRQ
                0x00000000080026c4       0x38 ./Drivers/STM32F1xx_HAL_Driver/Src/stm32f1xx_hal_cortex.o
 .text.__NVIC_SetPriority
                0x00000000080026fc       0x54 ./Drivers/STM32F1xx_HAL_Driver/Src/stm32f1xx_hal_cortex.o
 .text.NVIC_EncodePriority
                0x0000000008002750       0x64 ./Drivers/STM32F1xx_HAL_Driver/Src/stm32f1xx_hal_cortex.o
 .text.SysTick_Config
                0x00000000080027b4       0x44 ./Drivers/STM32F1xx_HAL_Driver/Src/stm32f1xx_hal_cortex.o
 .text.HAL_NVIC_SetPriorityGrouping
                0x00000000080027f8       0x16 ./Drivers/STM32F1xx_HAL_Driver/Src/stm32f1xx_hal_cortex.o
                0x00000000080027f8                HAL_NVIC_SetPriorityGrouping
 .text.HAL_NVIC_SetPriority
                0x000000000800280e       0x38 ./Drivers/STM32F1xx_HAL_Driver/Src/stm32f1xx_hal_cortex.o
                0x000000000800280e                HAL_NVIC_SetPriority
 .text.HAL_NVIC_EnableIRQ
                0x0000000008002846       0x1c ./Drivers/STM32F1xx_HAL_Driver/Src/stm32f1xx_hal_cortex.o
                0x0000000008002846                HAL_NVIC_EnableIRQ
 .text.HAL_SYSTICK_Config
                0x0000000008002862       0x18 ./Drivers/STM32F1xx_HAL_Driver/Src/stm32f1xx_hal_cortex.o
                0x0000000008002862                HAL_SYSTICK_Config
 *fill*         0x000000000800287a        0x2 
 .text.HAL_GPIO_Init
                0x000000000800287c      0x2f4 ./Drivers/STM32F1xx_HAL_Driver/Src/stm32f1xx_hal_gpio.o
                0x000000000800287c                HAL_GPIO_Init
 .text.HAL_GPIO_ReadPin
                0x0000000008002b70       0x2e ./Drivers/STM32F1xx_HAL_Driver/Src/stm32f1xx_hal_gpio.o
                0x0000000008002b70                HAL_GPIO_ReadPin
 .text.HAL_GPIO_WritePin
                0x0000000008002b9e       0x30 ./Drivers/STM32F1xx_HAL_Driver/Src/stm32f1xx_hal_gpio.o
                0x0000000008002b9e                HAL_GPIO_WritePin
 *fill*         0x0000000008002bce        0x2 
 .text.HAL_RCC_OscConfig
                0x0000000008002bd0      0x500 ./Drivers/STM32F1xx_HAL_Driver/Src/stm32f1xx_hal_rcc.o
                0x0000000008002bd0                HAL_RCC_OscConfig
 .text.HAL_RCC_ClockConfig
                0x00000000080030d0      0x1d4 ./Drivers/STM32F1xx_HAL_Driver/Src/stm32f1xx_hal_rcc.o
                0x00000000080030d0                HAL_RCC_ClockConfig
 .text.HAL_RCC_GetSysClockFreq
                0x00000000080032a4       0xa8 ./Drivers/STM32F1xx_HAL_Driver/Src/stm32f1xx_hal_rcc.o
                0x00000000080032a4                HAL_RCC_GetSysClockFreq
 .text.RCC_Delay
                0x000000000800334c       0x3c ./Drivers/STM32F1xx_HAL_Driver/Src/stm32f1xx_hal_rcc.o
 .text.HAL_TIM_Base_Init
                0x0000000008003388       0x9e ./Drivers/STM32F1xx_HAL_Driver/Src/stm32f1xx_hal_tim.o
                0x0000000008003388                HAL_TIM_Base_Init
 *fill*         0x0000000008003426        0x2 
 .text.HAL_TIM_Base_Start_IT
                0x0000000008003428       0x98 ./Drivers/STM32F1xx_HAL_Driver/Src/stm32f1xx_hal_tim.o
                0x0000000008003428                HAL_TIM_Base_Start_IT
 .text.HAL_TIM_IRQHandler
                0x00000000080034c0      0x210 ./Drivers/STM32F1xx_HAL_Driver/Src/stm32f1xx_hal_tim.o
                0x00000000080034c0                HAL_TIM_IRQHandler
 .text.HAL_TIM_ConfigClockSource
                0x00000000080036d0      0x18e ./Drivers/STM32F1xx_HAL_Driver/Src/stm32f1xx_hal_tim.o
                0x00000000080036d0                HAL_TIM_ConfigClockSource
 .text.HAL_TIM_OC_DelayElapsedCallback
                0x000000000800385e       0x12 ./Drivers/STM32F1xx_HAL_Driver/Src/stm32f1xx_hal_tim.o
                0x000000000800385e                HAL_TIM_OC_DelayElapsedCallback
 .text.HAL_TIM_IC_CaptureCallback
                0x0000000008003870       0x12 ./Drivers/STM32F1xx_HAL_Driver/Src/stm32f1xx_hal_tim.o
                0x0000000008003870                HAL_TIM_IC_CaptureCallback
 .text.HAL_TIM_PWM_PulseFinishedCallback
                0x0000000008003882       0x12 ./Drivers/STM32F1xx_HAL_Driver/Src/stm32f1xx_hal_tim.o
                0x0000000008003882                HAL_TIM_PWM_PulseFinishedCallback
 .text.HAL_TIM_TriggerCallback
                0x0000000008003894       0x12 ./Drivers/STM32F1xx_HAL_Driver/Src/stm32f1xx_hal_tim.o
                0x0000000008003894                HAL_TIM_TriggerCallback
 *fill*         0x00000000080038a6        0x2 
 .text.TIM_Base_SetConfig
                0x00000000080038a8       0xb0 ./Drivers/STM32F1xx_HAL_Driver/Src/stm32f1xx_hal_tim.o
                0x00000000080038a8                TIM_Base_SetConfig
 .text.TIM_TI1_ConfigInputStage
                0x0000000008003958       0x5c ./Drivers/STM32F1xx_HAL_Driver/Src/stm32f1xx_hal_tim.o
 .text.TIM_TI2_ConfigInputStage
                0x00000000080039b4       0x5e ./Drivers/STM32F1xx_HAL_Driver/Src/stm32f1xx_hal_tim.o
 .text.TIM_ITRx_SetConfig
                0x0000000008003a12       0x34 ./Drivers/STM32F1xx_HAL_Driver/Src/stm32f1xx_hal_tim.o
 .text.TIM_ETR_SetConfig
                0x0000000008003a46       0x3e ./Drivers/STM32F1xx_HAL_Driver/Src/stm32f1xx_hal_tim.o
                0x0000000008003a46                TIM_ETR_SetConfig
 .text.HAL_TIMEx_MasterConfigSynchronization
                0x0000000008003a84       0xb0 ./Drivers/STM32F1xx_HAL_Driver/Src/stm32f1xx_hal_tim_ex.o
                0x0000000008003a84                HAL_TIMEx_MasterConfigSynchronization
 .text.HAL_TIMEx_CommutCallback
                0x0000000008003b34       0x12 ./Drivers/STM32F1xx_HAL_Driver/Src/stm32f1xx_hal_tim_ex.o
                0x0000000008003b34                HAL_TIMEx_CommutCallback
 .text.HAL_TIMEx_BreakCallback
                0x0000000008003b46       0x12 ./Drivers/STM32F1xx_HAL_Driver/Src/stm32f1xx_hal_tim_ex.o
                0x0000000008003b46                HAL_TIMEx_BreakCallback
 .text.__libc_init_array
                0x0000000008003b58       0x48 c:/st/stm32cubeide_1.7.0/stm32cubeide/plugins/com.st.stm32cube.ide.mcu.externaltools.gnu-tools-for-stm32.9-2020-q2-update.win32_2.0.0.202105311346/tools/bin/../lib/gcc/arm-none-eabi/9.3.1/../../../../arm-none-eabi/lib/thumb/v7-m/nofp\libc_nano.a(lib_a-init.o)
                0x0000000008003b58                __libc_init_array
 .text.memset   0x0000000008003ba0       0x10 c:/st/stm32cubeide_1.7.0/stm32cubeide/plugins/com.st.stm32cube.ide.mcu.externaltools.gnu-tools-for-stm32.9-2020-q2-update.win32_2.0.0.202105311346/tools/bin/../lib/gcc/arm-none-eabi/9.3.1/../../../../arm-none-eabi/lib/thumb/v7-m/nofp\libc_nano.a(lib_a-memset.o)
                0x0000000008003ba0                memset
 *(.glue_7)
 .glue_7        0x0000000008003bb0        0x0 linker stubs
 *(.glue_7t)
 .glue_7t       0x0000000008003bb0        0x0 linker stubs
 *(.eh_frame)
 .eh_frame      0x0000000008003bb0        0x0 c:/st/stm32cubeide_1.7.0/stm32cubeide/plugins/com.st.stm32cube.ide.mcu.externaltools.gnu-tools-for-stm32.9-2020-q2-update.win32_2.0.0.202105311346/tools/bin/../lib/gcc/arm-none-eabi/9.3.1/thumb/v7-m/nofp/crtbegin.o
 *(.init)
 .init          0x0000000008003bb0        0x4 c:/st/stm32cubeide_1.7.0/stm32cubeide/plugins/com.st.stm32cube.ide.mcu.externaltools.gnu-tools-for-stm32.9-2020-q2-update.win32_2.0.0.202105311346/tools/bin/../lib/gcc/arm-none-eabi/9.3.1/thumb/v7-m/nofp/crti.o
                0x0000000008003bb0                _init
 .init          0x0000000008003bb4        0x8 c:/st/stm32cubeide_1.7.0/stm32cubeide/plugins/com.st.stm32cube.ide.mcu.externaltools.gnu-tools-for-stm32.9-2020-q2-update.win32_2.0.0.202105311346/tools/bin/../lib/gcc/arm-none-eabi/9.3.1/thumb/v7-m/nofp/crtn.o
 *(.fini)
 .fini          0x0000000008003bbc        0x4 c:/st/stm32cubeide_1.7.0/stm32cubeide/plugins/com.st.stm32cube.ide.mcu.externaltools.gnu-tools-for-stm32.9-2020-q2-update.win32_2.0.0.202105311346/tools/bin/../lib/gcc/arm-none-eabi/9.3.1/thumb/v7-m/nofp/crti.o
                0x0000000008003bbc                _fini
 .fini          0x0000000008003bc0        0x8 c:/st/stm32cubeide_1.7.0/stm32cubeide/plugins/com.st.stm32cube.ide.mcu.externaltools.gnu-tools-for-stm32.9-2020-q2-update.win32_2.0.0.202105311346/tools/bin/../lib/gcc/arm-none-eabi/9.3.1/thumb/v7-m/nofp/crtn.o
                0x0000000008003bc8                . = ALIGN (0x4)
                0x0000000008003bc8                _etext = .

.vfp11_veneer   0x0000000008003bc8        0x0
 .vfp11_veneer  0x0000000008003bc8        0x0 linker stubs

.v4_bx          0x0000000008003bc8        0x0
 .v4_bx         0x0000000008003bc8        0x0 linker stubs

.iplt           0x0000000008003bc8        0x0
 .iplt          0x0000000008003bc8        0x0 c:/st/stm32cubeide_1.7.0/stm32cubeide/plugins/com.st.stm32cube.ide.mcu.externaltools.gnu-tools-for-stm32.9-2020-q2-update.win32_2.0.0.202105311346/tools/bin/../lib/gcc/arm-none-eabi/9.3.1/thumb/v7-m/nofp/crtbegin.o

.rodata         0x0000000008003bc8       0x24
                0x0000000008003bc8                . = ALIGN (0x4)
 *(.rodata)
 *(.rodata*)
 .rodata.AHBPrescTable
                0x0000000008003bc8       0x10 ./Core/Src/system_stm32f1xx.o
                0x0000000008003bc8                AHBPrescTable
 .rodata.aPLLMULFactorTable.6032
                0x0000000008003bd8       0x10 ./Drivers/STM32F1xx_HAL_Driver/Src/stm32f1xx_hal_rcc.o
 .rodata.aPredivFactorTable.6033
                0x0000000008003be8        0x2 ./Drivers/STM32F1xx_HAL_Driver/Src/stm32f1xx_hal_rcc.o
                0x0000000008003bec                . = ALIGN (0x4)
 *fill*         0x0000000008003bea        0x2 

.rel.dyn        0x0000000008003bec        0x0
 .rel.iplt      0x0000000008003bec        0x0 c:/st/stm32cubeide_1.7.0/stm32cubeide/plugins/com.st.stm32cube.ide.mcu.externaltools.gnu-tools-for-stm32.9-2020-q2-update.win32_2.0.0.202105311346/tools/bin/../lib/gcc/arm-none-eabi/9.3.1/thumb/v7-m/nofp/crtbegin.o

.ARM.extab      0x0000000008003bec        0x0
                0x0000000008003bec                . = ALIGN (0x4)
 *(.ARM.extab* .gnu.linkonce.armextab.*)
                0x0000000008003bec                . = ALIGN (0x4)

.ARM            0x0000000008003bec        0x0
                0x0000000008003bec                . = ALIGN (0x4)
                0x0000000008003bec                __exidx_start = .
 *(.ARM.exidx*)
                0x0000000008003bec                __exidx_end = .
                0x0000000008003bec                . = ALIGN (0x4)

.preinit_array  0x0000000008003bec        0x0
                0x0000000008003bec                . = ALIGN (0x4)
                0x0000000008003bec                PROVIDE (__preinit_array_start = .)
 *(.preinit_array*)
                0x0000000008003bec                PROVIDE (__preinit_array_end = .)
                0x0000000008003bec                . = ALIGN (0x4)

.init_array     0x0000000008003bec        0x4
                0x0000000008003bec                . = ALIGN (0x4)
                0x0000000008003bec                PROVIDE (__init_array_start = .)
 *(SORT_BY_NAME(.init_array.*))
 *(.init_array*)
 .init_array    0x0000000008003bec        0x4 c:/st/stm32cubeide_1.7.0/stm32cubeide/plugins/com.st.stm32cube.ide.mcu.externaltools.gnu-tools-for-stm32.9-2020-q2-update.win32_2.0.0.202105311346/tools/bin/../lib/gcc/arm-none-eabi/9.3.1/thumb/v7-m/nofp/crtbegin.o
                0x0000000008003bf0                PROVIDE (__init_array_end = .)
                0x0000000008003bf0                . = ALIGN (0x4)

.fini_array     0x0000000008003bf0        0x4
                0x0000000008003bf0                . = ALIGN (0x4)
                [!provide]                        PROVIDE (__fini_array_start = .)
 *(SORT_BY_NAME(.fini_array.*))
 *(.fini_array*)
 .fini_array    0x0000000008003bf0        0x4 c:/st/stm32cubeide_1.7.0/stm32cubeide/plugins/com.st.stm32cube.ide.mcu.externaltools.gnu-tools-for-stm32.9-2020-q2-update.win32_2.0.0.202105311346/tools/bin/../lib/gcc/arm-none-eabi/9.3.1/thumb/v7-m/nofp/crtbegin.o
                [!provide]                        PROVIDE (__fini_array_end = .)
                0x0000000008003bf4                . = ALIGN (0x4)
                0x0000000008003bf4                _sidata = LOADADDR (.data)

.data           0x0000000020000000       0x44 load address 0x0000000008003bf4
                0x0000000020000000                . = ALIGN (0x4)
                0x0000000020000000                _sdata = .
 *(.data)
 *(.data*)
 .data.KeyReg0  0x0000000020000000        0x4 ./Core/Src/button.o
                0x0000000020000000                KeyReg0
 .data.KeyReg1  0x0000000020000004        0x4 ./Core/Src/button.o
                0x0000000020000004                KeyReg1
 .data.KeyReg2  0x0000000020000008        0x4 ./Core/Src/button.o
                0x0000000020000008                KeyReg2
 .data.KeyReg3  0x000000002000000c        0x4 ./Core/Src/button.o
                0x000000002000000c                KeyReg3
 .data.KeyReg4  0x0000000020000010        0x4 ./Core/Src/button.o
                0x0000000020000010                KeyReg4
 .data.KeyReg5  0x0000000020000014        0x4 ./Core/Src/button.o
                0x0000000020000014                KeyReg5
 .data.KeyReg6  0x0000000020000018        0x4 ./Core/Src/button.o
                0x0000000020000018                KeyReg6
 .data.KeyReg7  0x000000002000001c        0x4 ./Core/Src/button.o
                0x000000002000001c                KeyReg7
 .data.TimerForKeyPress
                0x0000000020000020        0x4 ./Core/Src/button.o
                0x0000000020000020                TimerForKeyPress
 .data.red_duration
                0x0000000020000024        0x4 ./Core/Src/global.o
                0x0000000020000024                red_duration
 .data.green_duration
                0x0000000020000028        0x4 ./Core/Src/global.o
                0x0000000020000028                green_duration
 .data.yellow_duration
                0x000000002000002c        0x4 ./Core/Src/global.o
                0x000000002000002c                yellow_duration
 .data.timer5_flag
                0x0000000020000030        0x4 ./Core/Src/software_timer.o
                0x0000000020000030                timer5_flag
 .data.timer6_flag
                0x0000000020000034        0x4 ./Core/Src/software_timer.o
                0x0000000020000034                timer6_flag
 .data.SystemCoreClock
                0x0000000020000038        0x4 ./Core/Src/system_stm32f1xx.o
                0x0000000020000038                SystemCoreClock
 .data.uwTickPrio
                0x000000002000003c        0x4 ./Drivers/STM32F1xx_HAL_Driver/Src/stm32f1xx_hal.o
                0x000000002000003c                uwTickPrio
 .data.uwTickFreq
                0x0000000020000040        0x1 ./Drivers/STM32F1xx_HAL_Driver/Src/stm32f1xx_hal.o
                0x0000000020000040                uwTickFreq
 *(.RamFunc)
 *(.RamFunc*)
                0x0000000020000044                . = ALIGN (0x4)
 *fill*         0x0000000020000041        0x3 
                0x0000000020000044                _edata = .

.igot.plt       0x0000000020000044        0x0 load address 0x0000000008003c38
 .igot.plt      0x0000000020000044        0x0 c:/st/stm32cubeide_1.7.0/stm32cubeide/plugins/com.st.stm32cube.ide.mcu.externaltools.gnu-tools-for-stm32.9-2020-q2-update.win32_2.0.0.202105311346/tools/bin/../lib/gcc/arm-none-eabi/9.3.1/thumb/v7-m/nofp/crtbegin.o
                0x0000000020000044                . = ALIGN (0x4)

.bss            0x0000000020000044       0xc0 load address 0x0000000008003c38
                0x0000000020000044                _sbss = .
                0x0000000020000044                __bss_start__ = _sbss
 *(.bss)
 .bss           0x0000000020000044       0x1c c:/st/stm32cubeide_1.7.0/stm32cubeide/plugins/com.st.stm32cube.ide.mcu.externaltools.gnu-tools-for-stm32.9-2020-q2-update.win32_2.0.0.202105311346/tools/bin/../lib/gcc/arm-none-eabi/9.3.1/thumb/v7-m/nofp/crtbegin.o
 *(.bss*)
 .bss.button1_flag
                0x0000000020000060        0x4 ./Core/Src/button.o
                0x0000000020000060                button1_flag
 .bss.button2_flag
                0x0000000020000064        0x4 ./Core/Src/button.o
                0x0000000020000064                button2_flag
 .bss.status    0x0000000020000068        0x4 ./Core/Src/global.o
                0x0000000020000068                status
 .bss.MAN_duration
                0x000000002000006c        0x4 ./Core/Src/global.o
                0x000000002000006c                MAN_duration
 .bss.led       0x0000000020000070        0x4 ./Core/Src/global.o
                0x0000000020000070                led
 .bss.led1      0x0000000020000074        0x4 ./Core/Src/global.o
                0x0000000020000074                led1
 .bss.red_counter
                0x0000000020000078        0x4 ./Core/Src/global.o
                0x0000000020000078                red_counter
 .bss.green_counter
                0x000000002000007c        0x4 ./Core/Src/global.o
                0x000000002000007c                green_counter
 .bss.yellow_counter
                0x0000000020000080        0x4 ./Core/Src/global.o
                0x0000000020000080                yellow_counter
 .bss.red_counter_1
                0x0000000020000084        0x4 ./Core/Src/global.o
                0x0000000020000084                red_counter_1
 .bss.green_counter_1
                0x0000000020000088        0x4 ./Core/Src/global.o
                0x0000000020000088                green_counter_1
 .bss.yellow_counter_1
                0x000000002000008c        0x4 ./Core/Src/global.o
                0x000000002000008c                yellow_counter_1
 .bss.timer1_flag
                0x0000000020000090        0x4 ./Core/Src/software_timer.o
                0x0000000020000090                timer1_flag
 .bss.timer1_counter
                0x0000000020000094        0x4 ./Core/Src/software_timer.o
                0x0000000020000094                timer1_counter
 .bss.timer2_flag
                0x0000000020000098        0x4 ./Core/Src/software_timer.o
                0x0000000020000098                timer2_flag
 .bss.timer2_counter
                0x000000002000009c        0x4 ./Core/Src/software_timer.o
                0x000000002000009c                timer2_counter
 .bss.timer3_flag
                0x00000000200000a0        0x4 ./Core/Src/software_timer.o
                0x00000000200000a0                timer3_flag
 .bss.timer3_counter
                0x00000000200000a4        0x4 ./Core/Src/software_timer.o
                0x00000000200000a4                timer3_counter
 .bss.timer4_flag
                0x00000000200000a8        0x4 ./Core/Src/software_timer.o
                0x00000000200000a8                timer4_flag
 .bss.timer4_counter
                0x00000000200000ac        0x4 ./Core/Src/software_timer.o
                0x00000000200000ac                timer4_counter
 .bss.timer5_counter
                0x00000000200000b0        0x4 ./Core/Src/software_timer.o
                0x00000000200000b0                timer5_counter
 .bss.timer6_counter
                0x00000000200000b4        0x4 ./Core/Src/software_timer.o
                0x00000000200000b4                timer6_counter
 *(COMMON)
 COMMON         0x00000000200000b8       0x48 ./Core/Src/main.o
                0x00000000200000b8                htim2
 COMMON         0x0000000020000100        0x4 ./Drivers/STM32F1xx_HAL_Driver/Src/stm32f1xx_hal.o
                0x0000000020000100                uwTick
                0x0000000020000104                . = ALIGN (0x4)
                0x0000000020000104                _ebss = .
                0x0000000020000104                __bss_end__ = _ebss

._user_heap_stack
                0x0000000020000104      0x604 load address 0x0000000008003c38
                0x0000000020000108                . = ALIGN (0x8)
 *fill*         0x0000000020000104        0x4 
                [!provide]                        PROVIDE (end = .)
                0x0000000020000108                PROVIDE (_end = .)
                0x0000000020000308                . = (. + _Min_Heap_Size)
 *fill*         0x0000000020000108      0x200 
                0x0000000020000708                . = (. + _Min_Stack_Size)
 *fill*         0x0000000020000308      0x400 
                0x0000000020000708                . = ALIGN (0x8)

/DISCARD/
 libc.a(*)
 libm.a(*)
 libgcc.a(*)

.ARM.attributes
                0x0000000000000000       0x29
 *(.ARM.attributes)
 .ARM.attributes
                0x0000000000000000       0x1d c:/st/stm32cubeide_1.7.0/stm32cubeide/plugins/com.st.stm32cube.ide.mcu.externaltools.gnu-tools-for-stm32.9-2020-q2-update.win32_2.0.0.202105311346/tools/bin/../lib/gcc/arm-none-eabi/9.3.1/thumb/v7-m/nofp/crti.o
 .ARM.attributes
                0x000000000000001d       0x2d c:/st/stm32cubeide_1.7.0/stm32cubeide/plugins/com.st.stm32cube.ide.mcu.externaltools.gnu-tools-for-stm32.9-2020-q2-update.win32_2.0.0.202105311346/tools/bin/../lib/gcc/arm-none-eabi/9.3.1/thumb/v7-m/nofp/crtbegin.o
 .ARM.attributes
                0x000000000000004a       0x2d ./Core/Src/button.o
 .ARM.attributes
                0x0000000000000077       0x2d ./Core/Src/fsm_automatic.o
 .ARM.attributes
                0x00000000000000a4       0x2d ./Core/Src/fsm_manual.o
 .ARM.attributes
                0x00000000000000d1       0x33 ./Core/Src/global.o
 .ARM.attributes
                0x0000000000000104       0x2d ./Core/Src/main.o
 .ARM.attributes
                0x0000000000000131       0x2d ./Core/Src/set_traffic_led.o
 .ARM.attributes
                0x000000000000015e       0x2d ./Core/Src/software_timer.o
 .ARM.attributes
                0x000000000000018b       0x2d ./Core/Src/stm32f1xx_hal_msp.o
 .ARM.attributes
                0x00000000000001b8       0x2d ./Core/Src/stm32f1xx_it.o
 .ARM.attributes
                0x00000000000001e5       0x2d ./Core/Src/system_stm32f1xx.o
 .ARM.attributes
                0x0000000000000212       0x21 ./Core/Startup/startup_stm32f103c6ux.o
 .ARM.attributes
                0x0000000000000233       0x2d ./Drivers/STM32F1xx_HAL_Driver/Src/stm32f1xx_hal.o
 .ARM.attributes
                0x0000000000000260       0x2d ./Drivers/STM32F1xx_HAL_Driver/Src/stm32f1xx_hal_cortex.o
 .ARM.attributes
                0x000000000000028d       0x2d ./Drivers/STM32F1xx_HAL_Driver/Src/stm32f1xx_hal_gpio.o
 .ARM.attributes
                0x00000000000002ba       0x2d ./Drivers/STM32F1xx_HAL_Driver/Src/stm32f1xx_hal_rcc.o
 .ARM.attributes
                0x00000000000002e7       0x2d ./Drivers/STM32F1xx_HAL_Driver/Src/stm32f1xx_hal_tim.o
 .ARM.attributes
                0x0000000000000314       0x2d ./Drivers/STM32F1xx_HAL_Driver/Src/stm32f1xx_hal_tim_ex.o
 .ARM.attributes
                0x0000000000000341       0x2d c:/st/stm32cubeide_1.7.0/stm32cubeide/plugins/com.st.stm32cube.ide.mcu.externaltools.gnu-tools-for-stm32.9-2020-q2-update.win32_2.0.0.202105311346/tools/bin/../lib/gcc/arm-none-eabi/9.3.1/../../../../arm-none-eabi/lib/thumb/v7-m/nofp\libc_nano.a(lib_a-init.o)
 .ARM.attributes
                0x000000000000036e       0x2d c:/st/stm32cubeide_1.7.0/stm32cubeide/plugins/com.st.stm32cube.ide.mcu.externaltools.gnu-tools-for-stm32.9-2020-q2-update.win32_2.0.0.202105311346/tools/bin/../lib/gcc/arm-none-eabi/9.3.1/../../../../arm-none-eabi/lib/thumb/v7-m/nofp\libc_nano.a(lib_a-memset.o)
 .ARM.attributes
                0x000000000000039b       0x1d c:/st/stm32cubeide_1.7.0/stm32cubeide/plugins/com.st.stm32cube.ide.mcu.externaltools.gnu-tools-for-stm32.9-2020-q2-update.win32_2.0.0.202105311346/tools/bin/../lib/gcc/arm-none-eabi/9.3.1/thumb/v7-m/nofp\libgcc.a(_arm_addsubsf3.o)
 .ARM.attributes
                0x00000000000003b8       0x1d c:/st/stm32cubeide_1.7.0/stm32cubeide/plugins/com.st.stm32cube.ide.mcu.externaltools.gnu-tools-for-stm32.9-2020-q2-update.win32_2.0.0.202105311346/tools/bin/../lib/gcc/arm-none-eabi/9.3.1/thumb/v7-m/nofp\libgcc.a(_arm_muldivsf3.o)
 .ARM.attributes
                0x00000000000003d5       0x1d c:/st/stm32cubeide_1.7.0/stm32cubeide/plugins/com.st.stm32cube.ide.mcu.externaltools.gnu-tools-for-stm32.9-2020-q2-update.win32_2.0.0.202105311346/tools/bin/../lib/gcc/arm-none-eabi/9.3.1/thumb/v7-m/nofp\libgcc.a(_arm_cmpsf2.o)
 .ARM.attributes
                0x00000000000003f2       0x1d c:/st/stm32cubeide_1.7.0/stm32cubeide/plugins/com.st.stm32cube.ide.mcu.externaltools.gnu-tools-for-stm32.9-2020-q2-update.win32_2.0.0.202105311346/tools/bin/../lib/gcc/arm-none-eabi/9.3.1/thumb/v7-m/nofp\libgcc.a(_arm_fixsfsi.o)
 .ARM.attributes
                0x000000000000040f       0x1d c:/st/stm32cubeide_1.7.0/stm32cubeide/plugins/com.st.stm32cube.ide.mcu.externaltools.gnu-tools-for-stm32.9-2020-q2-update.win32_2.0.0.202105311346/tools/bin/../lib/gcc/arm-none-eabi/9.3.1/thumb/v7-m/nofp/crtn.o
OUTPUT(LAB3_EXE.elf elf32-littlearm)
LOAD linker stubs
LOAD c:/st/stm32cubeide_1.7.0/stm32cubeide/plugins/com.st.stm32cube.ide.mcu.externaltools.gnu-tools-for-stm32.9-2020-q2-update.win32_2.0.0.202105311346/tools/bin/../lib/gcc/arm-none-eabi/9.3.1/../../../../arm-none-eabi/lib/thumb/v7-m/nofp\libc.a
LOAD c:/st/stm32cubeide_1.7.0/stm32cubeide/plugins/com.st.stm32cube.ide.mcu.externaltools.gnu-tools-for-stm32.9-2020-q2-update.win32_2.0.0.202105311346/tools/bin/../lib/gcc/arm-none-eabi/9.3.1/../../../../arm-none-eabi/lib/thumb/v7-m/nofp\libm.a
LOAD c:/st/stm32cubeide_1.7.0/stm32cubeide/plugins/com.st.stm32cube.ide.mcu.externaltools.gnu-tools-for-stm32.9-2020-q2-update.win32_2.0.0.202105311346/tools/bin/../lib/gcc/arm-none-eabi/9.3.1/thumb/v7-m/nofp\libgcc.a

.debug_info     0x0000000000000000     0x9a1c
 .debug_info    0x0000000000000000      0x49a ./Core/Src/button.o
 .debug_info    0x000000000000049a      0x2e9 ./Core/Src/fsm_automatic.o
 .debug_info    0x0000000000000783      0x2a1 ./Core/Src/fsm_manual.o
 .debug_info    0x0000000000000a24      0x33d ./Core/Src/global.o
 .debug_info    0x0000000000000d61      0xcdf ./Core/Src/main.o
 .debug_info    0x0000000000001a40      0x4e1 ./Core/Src/set_traffic_led.o
 .debug_info    0x0000000000001f21      0x22a ./Core/Src/software_timer.o
 .debug_info    0x000000000000214b      0xa09 ./Core/Src/stm32f1xx_hal_msp.o
 .debug_info    0x0000000000002b54      0x7b9 ./Core/Src/stm32f1xx_it.o
 .debug_info    0x000000000000330d      0x2be ./Core/Src/system_stm32f1xx.o
 .debug_info    0x00000000000035cb       0x22 ./Core/Startup/startup_stm32f103c6ux.o
 .debug_info    0x00000000000035ed      0x74c ./Drivers/STM32F1xx_HAL_Driver/Src/stm32f1xx_hal.o
 .debug_info    0x0000000000003d39      0xbbe ./Drivers/STM32F1xx_HAL_Driver/Src/stm32f1xx_hal_cortex.o
 .debug_info    0x00000000000048f7      0x701 ./Drivers/STM32F1xx_HAL_Driver/Src/stm32f1xx_hal_gpio.o
 .debug_info    0x0000000000004ff8      0x893 ./Drivers/STM32F1xx_HAL_Driver/Src/stm32f1xx_hal_rcc.o
 .debug_info    0x000000000000588b     0x2c12 ./Drivers/STM32F1xx_HAL_Driver/Src/stm32f1xx_hal_tim.o
 .debug_info    0x000000000000849d     0x157f ./Drivers/STM32F1xx_HAL_Driver/Src/stm32f1xx_hal_tim_ex.o

.debug_abbrev   0x0000000000000000     0x1b3e
 .debug_abbrev  0x0000000000000000      0x14e ./Core/Src/button.o
 .debug_abbrev  0x000000000000014e       0xe1 ./Core/Src/fsm_automatic.o
 .debug_abbrev  0x000000000000022f       0xc9 ./Core/Src/fsm_manual.o
 .debug_abbrev  0x00000000000002f8       0xbc ./Core/Src/global.o
 .debug_abbrev  0x00000000000003b4      0x275 ./Core/Src/main.o
 .debug_abbrev  0x0000000000000629      0x1a6 ./Core/Src/set_traffic_led.o
 .debug_abbrev  0x00000000000007cf       0xc3 ./Core/Src/software_timer.o
 .debug_abbrev  0x0000000000000892      0x1b7 ./Core/Src/stm32f1xx_hal_msp.o
 .debug_abbrev  0x0000000000000a49      0x176 ./Core/Src/stm32f1xx_it.o
 .debug_abbrev  0x0000000000000bbf      0x14e ./Core/Src/system_stm32f1xx.o
 .debug_abbrev  0x0000000000000d0d       0x12 ./Core/Startup/startup_stm32f103c6ux.o
 .debug_abbrev  0x0000000000000d1f      0x1ed ./Drivers/STM32F1xx_HAL_Driver/Src/stm32f1xx_hal.o
 .debug_abbrev  0x0000000000000f0c      0x313 ./Drivers/STM32F1xx_HAL_Driver/Src/stm32f1xx_hal_cortex.o
 .debug_abbrev  0x000000000000121f      0x1e8 ./Drivers/STM32F1xx_HAL_Driver/Src/stm32f1xx_hal_gpio.o
 .debug_abbrev  0x0000000000001407      0x273 ./Drivers/STM32F1xx_HAL_Driver/Src/stm32f1xx_hal_rcc.o
 .debug_abbrev  0x000000000000167a      0x25e ./Drivers/STM32F1xx_HAL_Driver/Src/stm32f1xx_hal_tim.o
 .debug_abbrev  0x00000000000018d8      0x266 ./Drivers/STM32F1xx_HAL_Driver/Src/stm32f1xx_hal_tim_ex.o

.debug_aranges  0x0000000000000000      0xae0
 .debug_aranges
                0x0000000000000000       0x58 ./Core/Src/button.o
 .debug_aranges
                0x0000000000000058       0x40 ./Core/Src/fsm_automatic.o
 .debug_aranges
                0x0000000000000098       0x20 ./Core/Src/fsm_manual.o
 .debug_aranges
                0x00000000000000b8       0x18 ./Core/Src/global.o
 .debug_aranges
                0x00000000000000d0       0x48 ./Core/Src/main.o
 .debug_aranges
                0x0000000000000118       0x90 ./Core/Src/set_traffic_led.o
 .debug_aranges
                0x00000000000001a8       0x50 ./Core/Src/software_timer.o
 .debug_aranges
                0x00000000000001f8       0x30 ./Core/Src/stm32f1xx_hal_msp.o
 .debug_aranges
                0x0000000000000228       0x68 ./Core/Src/stm32f1xx_it.o
 .debug_aranges
                0x0000000000000290       0x28 ./Core/Src/system_stm32f1xx.o
 .debug_aranges
                0x00000000000002b8       0x28 ./Core/Startup/startup_stm32f103c6ux.o
 .debug_aranges
                0x00000000000002e0       0xe0 ./Drivers/STM32F1xx_HAL_Driver/Src/stm32f1xx_hal.o
 .debug_aranges
                0x00000000000003c0      0x100 ./Drivers/STM32F1xx_HAL_Driver/Src/stm32f1xx_hal_cortex.o
 .debug_aranges
                0x00000000000004c0       0x58 ./Drivers/STM32F1xx_HAL_Driver/Src/stm32f1xx_hal_gpio.o
 .debug_aranges
                0x0000000000000518       0x90 ./Drivers/STM32F1xx_HAL_Driver/Src/stm32f1xx_hal_rcc.o
 .debug_aranges
                0x00000000000005a8      0x3d0 ./Drivers/STM32F1xx_HAL_Driver/Src/stm32f1xx_hal_tim.o
 .debug_aranges
                0x0000000000000978      0x168 ./Drivers/STM32F1xx_HAL_Driver/Src/stm32f1xx_hal_tim_ex.o

.debug_ranges   0x0000000000000000      0x9d0
 .debug_ranges  0x0000000000000000       0x48 ./Core/Src/button.o
 .debug_ranges  0x0000000000000048       0x30 ./Core/Src/fsm_automatic.o
 .debug_ranges  0x0000000000000078       0x10 ./Core/Src/fsm_manual.o
 .debug_ranges  0x0000000000000088       0x38 ./Core/Src/main.o
 .debug_ranges  0x00000000000000c0       0x80 ./Core/Src/set_traffic_led.o
 .debug_ranges  0x0000000000000140       0x40 ./Core/Src/software_timer.o
 .debug_ranges  0x0000000000000180       0x20 ./Core/Src/stm32f1xx_hal_msp.o
 .debug_ranges  0x00000000000001a0       0x58 ./Core/Src/stm32f1xx_it.o
 .debug_ranges  0x00000000000001f8       0x18 ./Core/Src/system_stm32f1xx.o
 .debug_ranges  0x0000000000000210       0x20 ./Core/Startup/startup_stm32f103c6ux.o
 .debug_ranges  0x0000000000000230       0xd0 ./Drivers/STM32F1xx_HAL_Driver/Src/stm32f1xx_hal.o
 .debug_ranges  0x0000000000000300       0xf0 ./Drivers/STM32F1xx_HAL_Driver/Src/stm32f1xx_hal_cortex.o
 .debug_ranges  0x00000000000003f0       0x48 ./Drivers/STM32F1xx_HAL_Driver/Src/stm32f1xx_hal_gpio.o
 .debug_ranges  0x0000000000000438       0x80 ./Drivers/STM32F1xx_HAL_Driver/Src/stm32f1xx_hal_rcc.o
 .debug_ranges  0x00000000000004b8      0x3c0 ./Drivers/STM32F1xx_HAL_Driver/Src/stm32f1xx_hal_tim.o
 .debug_ranges  0x0000000000000878      0x158 ./Drivers/STM32F1xx_HAL_Driver/Src/stm32f1xx_hal_tim_ex.o

.debug_macro    0x0000000000000000    0x16d4e
 .debug_macro   0x0000000000000000      0x1e0 ./Core/Src/button.o
 .debug_macro   0x00000000000001e0      0xa9c ./Core/Src/button.o
 .debug_macro   0x0000000000000c7c      0x215 ./Core/Src/button.o
 .debug_macro   0x0000000000000e91       0x2e ./Core/Src/button.o
 .debug_macro   0x0000000000000ebf       0x22 ./Core/Src/button.o
 .debug_macro   0x0000000000000ee1       0x22 ./Core/Src/button.o
 .debug_macro   0x0000000000000f03       0x8e ./Core/Src/button.o
 .debug_macro   0x0000000000000f91       0x51 ./Core/Src/button.o
 .debug_macro   0x0000000000000fe2      0x103 ./Core/Src/button.o
 .debug_macro   0x00000000000010e5       0x6a ./Core/Src/button.o
 .debug_macro   0x000000000000114f      0x1df ./Core/Src/button.o
 .debug_macro   0x000000000000132e       0x1c ./Core/Src/button.o
 .debug_macro   0x000000000000134a       0x22 ./Core/Src/button.o
 .debug_macro   0x000000000000136c       0xc3 ./Core/Src/button.o
 .debug_macro   0x000000000000142f      0xd23 ./Core/Src/button.o
 .debug_macro   0x0000000000002152     0xde75 ./Core/Src/button.o
 .debug_macro   0x000000000000ffc7       0x6d ./Core/Src/button.o
 .debug_macro   0x0000000000010034     0x348d ./Core/Src/button.o
 .debug_macro   0x00000000000134c1      0x174 ./Core/Src/button.o
 .debug_macro   0x0000000000013635       0x5c ./Core/Src/button.o
 .debug_macro   0x0000000000013691      0x5bc ./Core/Src/button.o
 .debug_macro   0x0000000000013c4d      0x1b7 ./Core/Src/button.o
 .debug_macro   0x0000000000013e04      0x1cb ./Core/Src/button.o
 .debug_macro   0x0000000000013fcf      0x114 ./Core/Src/button.o
 .debug_macro   0x00000000000140e3      0x1b2 ./Core/Src/button.o
 .debug_macro   0x0000000000014295       0x27 ./Core/Src/button.o
 .debug_macro   0x00000000000142bc      0x12f ./Core/Src/button.o
 .debug_macro   0x00000000000143eb      0x1bc ./Core/Src/button.o
 .debug_macro   0x00000000000145a7       0x34 ./Core/Src/button.o
 .debug_macro   0x00000000000145db       0x3c ./Core/Src/button.o
 .debug_macro   0x0000000000014617       0x57 ./Core/Src/button.o
 .debug_macro   0x000000000001466e       0x87 ./Core/Src/button.o
 .debug_macro   0x00000000000146f5      0x183 ./Core/Src/button.o
 .debug_macro   0x0000000000014878      0x140 ./Core/Src/button.o
 .debug_macro   0x00000000000149b8      0x8ed ./Core/Src/button.o
 .debug_macro   0x00000000000152a5       0x69 ./Core/Src/button.o
 .debug_macro   0x000000000001530e      0x148 ./Core/Src/button.o
 .debug_macro   0x0000000000015456       0x34 ./Core/Src/button.o
 .debug_macro   0x000000000001548a       0x10 ./Core/Src/button.o
 .debug_macro   0x000000000001549a      0x1e0 ./Core/Src/fsm_automatic.o
 .debug_macro   0x000000000001567a       0x16 ./Core/Src/fsm_automatic.o
 .debug_macro   0x0000000000015690      0x1ea ./Core/Src/fsm_manual.o
 .debug_macro   0x000000000001587a      0x1d6 ./Core/Src/global.o
 .debug_macro   0x0000000000015a50      0x1ea ./Core/Src/main.o
 .debug_macro   0x0000000000015c3a      0x1e0 ./Core/Src/set_traffic_led.o
 .debug_macro   0x0000000000015e1a       0x1b ./Core/Src/software_timer.o
 .debug_macro   0x0000000000015e35      0x1a6 ./Core/Src/stm32f1xx_hal_msp.o
 .debug_macro   0x0000000000015fdb      0x1b0 ./Core/Src/stm32f1xx_it.o
 .debug_macro   0x000000000001618b      0x197 ./Core/Src/system_stm32f1xx.o
 .debug_macro   0x0000000000016322      0x1bb ./Drivers/STM32F1xx_HAL_Driver/Src/stm32f1xx_hal.o
 .debug_macro   0x00000000000164dd      0x197 ./Drivers/STM32F1xx_HAL_Driver/Src/stm32f1xx_hal_cortex.o
 .debug_macro   0x0000000000016674      0x202 ./Drivers/STM32F1xx_HAL_Driver/Src/stm32f1xx_hal_gpio.o
 .debug_macro   0x0000000000016876      0x1a9 ./Drivers/STM32F1xx_HAL_Driver/Src/stm32f1xx_hal_rcc.o
 .debug_macro   0x0000000000016a1f      0x198 ./Drivers/STM32F1xx_HAL_Driver/Src/stm32f1xx_hal_tim.o
 .debug_macro   0x0000000000016bb7      0x197 ./Drivers/STM32F1xx_HAL_Driver/Src/stm32f1xx_hal_tim_ex.o

.debug_line     0x0000000000000000     0xbfba
 .debug_line    0x0000000000000000      0x80a ./Core/Src/button.o
 .debug_line    0x000000000000080a      0xa27 ./Core/Src/fsm_automatic.o
 .debug_line    0x0000000000001231      0x7bb ./Core/Src/fsm_manual.o
 .debug_line    0x00000000000019ec      0x682 ./Core/Src/global.o
 .debug_line    0x000000000000206e      0x801 ./Core/Src/main.o
 .debug_line    0x000000000000286f      0xa56 ./Core/Src/set_traffic_led.o
 .debug_line    0x00000000000032c5      0x179 ./Core/Src/software_timer.o
 .debug_line    0x000000000000343e      0x6a1 ./Core/Src/stm32f1xx_hal_msp.o
 .debug_line    0x0000000000003adf      0x73f ./Core/Src/stm32f1xx_it.o
 .debug_line    0x000000000000421e      0x6e3 ./Core/Src/system_stm32f1xx.o
 .debug_line    0x0000000000004901       0x86 ./Core/Startup/startup_stm32f103c6ux.o
 .debug_line    0x0000000000004987      0x910 ./Drivers/STM32F1xx_HAL_Driver/Src/stm32f1xx_hal.o
 .debug_line    0x0000000000005297      0xaf8 ./Drivers/STM32F1xx_HAL_Driver/Src/stm32f1xx_hal_cortex.o
 .debug_line    0x0000000000005d8f      0x993 ./Drivers/STM32F1xx_HAL_Driver/Src/stm32f1xx_hal_gpio.o
 .debug_line    0x0000000000006722      0xd1c ./Drivers/STM32F1xx_HAL_Driver/Src/stm32f1xx_hal_rcc.o
 .debug_line    0x000000000000743e     0x3346 ./Drivers/STM32F1xx_HAL_Driver/Src/stm32f1xx_hal_tim.o
 .debug_line    0x000000000000a784     0x1836 ./Drivers/STM32F1xx_HAL_Driver/Src/stm32f1xx_hal_tim_ex.o

.debug_str      0x0000000000000000    0x82610
 .debug_str     0x0000000000000000    0x7fa51 ./Core/Src/button.o
                                      0x7fdef (size before relaxing)
 .debug_str     0x000000000007fa51       0x92 ./Core/Src/fsm_automatic.o
                                      0x7fd36 (size before relaxing)
 .debug_str     0x000000000007fae3       0x3b ./Core/Src/fsm_manual.o
                                      0x7fcf5 (size before relaxing)
 .debug_str     0x000000000007fb1e       0x15 ./Core/Src/global.o
                                      0x7fcb9 (size before relaxing)
 .debug_str     0x000000000007fb33      0x6da ./Core/Src/main.o
                                      0x804b9 (size before relaxing)
 .debug_str     0x000000000008020d       0xff ./Core/Src/set_traffic_led.o
                                      0x7fddc (size before relaxing)
 .debug_str     0x000000000008030c       0xc2 ./Core/Src/software_timer.o
                                       0x2e64 (size before relaxing)
 .debug_str     0x00000000000803ce      0x2ba ./Core/Src/stm32f1xx_hal_msp.o
                                      0x802c3 (size before relaxing)
 .debug_str     0x0000000000080688       0xcd ./Core/Src/stm32f1xx_it.o
                                      0x80025 (size before relaxing)
 .debug_str     0x0000000000080755       0x52 ./Core/Src/system_stm32f1xx.o
                                      0x7f6be (size before relaxing)
 .debug_str     0x00000000000807a7       0x36 ./Core/Startup/startup_stm32f103c6ux.o
                                         0x4d (size before relaxing)
 .debug_str     0x00000000000807dd      0x304 ./Drivers/STM32F1xx_HAL_Driver/Src/stm32f1xx_hal.o
                                      0x7fd15 (size before relaxing)
 .debug_str     0x0000000000080ae1      0x300 ./Drivers/STM32F1xx_HAL_Driver/Src/stm32f1xx_hal_cortex.o
                                      0x7fd1d (size before relaxing)
 .debug_str     0x0000000000080de1      0x324 ./Drivers/STM32F1xx_HAL_Driver/Src/stm32f1xx_hal_gpio.o
                                      0x7fa82 (size before relaxing)
 .debug_str     0x0000000000081105      0x24f ./Drivers/STM32F1xx_HAL_Driver/Src/stm32f1xx_hal_rcc.o
                                      0x7fabb (size before relaxing)
 .debug_str     0x0000000000081354      0xdce ./Drivers/STM32F1xx_HAL_Driver/Src/stm32f1xx_hal_tim.o
                                      0x80a94 (size before relaxing)
 .debug_str     0x0000000000082122      0x4ee ./Drivers/STM32F1xx_HAL_Driver/Src/stm32f1xx_hal_tim_ex.o
                                      0x80245 (size before relaxing)

.comment        0x0000000000000000       0x53
 .comment       0x0000000000000000       0x53 ./Core/Src/button.o
                                         0x54 (size before relaxing)
 .comment       0x0000000000000053       0x54 ./Core/Src/fsm_automatic.o
 .comment       0x0000000000000053       0x54 ./Core/Src/fsm_manual.o
 .comment       0x0000000000000053       0x54 ./Core/Src/global.o
 .comment       0x0000000000000053       0x54 ./Core/Src/main.o
 .comment       0x0000000000000053       0x54 ./Core/Src/set_traffic_led.o
 .comment       0x0000000000000053       0x54 ./Core/Src/software_timer.o
 .comment       0x0000000000000053       0x54 ./Core/Src/stm32f1xx_hal_msp.o
 .comment       0x0000000000000053       0x54 ./Core/Src/stm32f1xx_it.o
 .comment       0x0000000000000053       0x54 ./Core/Src/system_stm32f1xx.o
 .comment       0x0000000000000053       0x54 ./Drivers/STM32F1xx_HAL_Driver/Src/stm32f1xx_hal.o
 .comment       0x0000000000000053       0x54 ./Drivers/STM32F1xx_HAL_Driver/Src/stm32f1xx_hal_cortex.o
 .comment       0x0000000000000053       0x54 ./Drivers/STM32F1xx_HAL_Driver/Src/stm32f1xx_hal_gpio.o
 .comment       0x0000000000000053       0x54 ./Drivers/STM32F1xx_HAL_Driver/Src/stm32f1xx_hal_rcc.o
 .comment       0x0000000000000053       0x54 ./Drivers/STM32F1xx_HAL_Driver/Src/stm32f1xx_hal_tim.o
 .comment       0x0000000000000053       0x54 ./Drivers/STM32F1xx_HAL_Driver/Src/stm32f1xx_hal_tim_ex.o

.debug_frame    0x0000000000000000     0x2c28
 .debug_frame   0x0000000000000000      0x104 ./Core/Src/button.o
 .debug_frame   0x0000000000000104       0xac ./Core/Src/fsm_automatic.o
 .debug_frame   0x00000000000001b0       0x2c ./Core/Src/fsm_manual.o
 .debug_frame   0x00000000000001dc       0xd4 ./Core/Src/main.o
 .debug_frame   0x00000000000002b0      0x1f4 ./Core/Src/set_traffic_led.o
 .debug_frame   0x00000000000004a4      0x120 ./Core/Src/software_timer.o
 .debug_frame   0x00000000000005c4       0x80 ./Core/Src/stm32f1xx_hal_msp.o
 .debug_frame   0x0000000000000644      0x120 ./Core/Src/stm32f1xx_it.o
 .debug_frame   0x0000000000000764       0x58 ./Core/Src/system_stm32f1xx.o
 .debug_frame   0x00000000000007bc      0x334 ./Drivers/STM32F1xx_HAL_Driver/Src/stm32f1xx_hal.o
 .debug_frame   0x0000000000000af0      0x428 ./Drivers/STM32F1xx_HAL_Driver/Src/stm32f1xx_hal_cortex.o
 .debug_frame   0x0000000000000f18      0x14c ./Drivers/STM32F1xx_HAL_Driver/Src/stm32f1xx_hal_gpio.o
 .debug_frame   0x0000000000001064      0x218 ./Drivers/STM32F1xx_HAL_Driver/Src/stm32f1xx_hal_rcc.o
 .debug_frame   0x000000000000127c     0x11b8 ./Drivers/STM32F1xx_HAL_Driver/Src/stm32f1xx_hal_tim.o
 .debug_frame   0x0000000000002434      0x638 ./Drivers/STM32F1xx_HAL_Driver/Src/stm32f1xx_hal_tim_ex.o
 .debug_frame   0x0000000000002a6c       0x2c c:/st/stm32cubeide_1.7.0/stm32cubeide/plugins/com.st.stm32cube.ide.mcu.externaltools.gnu-tools-for-stm32.9-2020-q2-update.win32_2.0.0.202105311346/tools/bin/../lib/gcc/arm-none-eabi/9.3.1/../../../../arm-none-eabi/lib/thumb/v7-m/nofp\libc_nano.a(lib_a-init.o)
 .debug_frame   0x0000000000002a98       0x20 c:/st/stm32cubeide_1.7.0/stm32cubeide/plugins/com.st.stm32cube.ide.mcu.externaltools.gnu-tools-for-stm32.9-2020-q2-update.win32_2.0.0.202105311346/tools/bin/../lib/gcc/arm-none-eabi/9.3.1/../../../../arm-none-eabi/lib/thumb/v7-m/nofp\libc_nano.a(lib_a-memset.o)
 .debug_frame   0x0000000000002ab8       0x4c c:/st/stm32cubeide_1.7.0/stm32cubeide/plugins/com.st.stm32cube.ide.mcu.externaltools.gnu-tools-for-stm32.9-2020-q2-update.win32_2.0.0.202105311346/tools/bin/../lib/gcc/arm-none-eabi/9.3.1/thumb/v7-m/nofp\libgcc.a(_arm_addsubsf3.o)
 .debug_frame   0x0000000000002b04       0x38 c:/st/stm32cubeide_1.7.0/stm32cubeide/plugins/com.st.stm32cube.ide.mcu.externaltools.gnu-tools-for-stm32.9-2020-q2-update.win32_2.0.0.202105311346/tools/bin/../lib/gcc/arm-none-eabi/9.3.1/thumb/v7-m/nofp\libgcc.a(_arm_muldivsf3.o)
 .debug_frame   0x0000000000002b3c       0xc8 c:/st/stm32cubeide_1.7.0/stm32cubeide/plugins/com.st.stm32cube.ide.mcu.externaltools.gnu-tools-for-stm32.9-2020-q2-update.win32_2.0.0.202105311346/tools/bin/../lib/gcc/arm-none-eabi/9.3.1/thumb/v7-m/nofp\libgcc.a(_arm_cmpsf2.o)
 .debug_frame   0x0000000000002c04       0x24 c:/st/stm32cubeide_1.7.0/stm32cubeide/plugins/com.st.stm32cube.ide.mcu.externaltools.gnu-tools-for-stm32.9-2020-q2-update.win32_2.0.0.202105311346/tools/bin/../lib/gcc/arm-none-eabi/9.3.1/thumb/v7-m/nofp\libgcc.a(_arm_fixsfsi.o)
