Archive member included to satisfy reference by file (symbol)

c:/st/stm32cubeide_1.7.0/stm32cubeide/plugins/com.st.stm32cube.ide.mcu.externaltools.gnu-tools-for-stm32.9-2020-q2-update.win32_2.0.0.202105311346/tools/bin/../lib/gcc/arm-none-eabi/9.3.1/../../../../arm-none-eabi/lib/thumb/v7-m/nofp\libc_nano.a(lib_a-errno.o)
                              ./Core/Src/syscalls.o (__errno)
c:/st/stm32cubeide_1.7.0/stm32cubeide/plugins/com.st.stm32cube.ide.mcu.externaltools.gnu-tools-for-stm32.9-2020-q2-update.win32_2.0.0.202105311346/tools/bin/../lib/gcc/arm-none-eabi/9.3.1/../../../../arm-none-eabi/lib/thumb/v7-m/nofp\libc_nano.a(lib_a-exit.o)
                              c:/st/stm32cubeide_1.7.0/stm32cubeide/plugins/com.st.stm32cube.ide.mcu.externaltools.gnu-tools-for-stm32.9-2020-q2-update.win32_2.0.0.202105311346/tools/bin/../lib/gcc/arm-none-eabi/9.3.1/../../../../arm-none-eabi/lib/thumb/v7-m/nofp/crt0.o (exit)
c:/st/stm32cubeide_1.7.0/stm32cubeide/plugins/com.st.stm32cube.ide.mcu.externaltools.gnu-tools-for-stm32.9-2020-q2-update.win32_2.0.0.202105311346/tools/bin/../lib/gcc/arm-none-eabi/9.3.1/../../../../arm-none-eabi/lib/thumb/v7-m/nofp\libc_nano.a(lib_a-impure.o)
                              c:/st/stm32cubeide_1.7.0/stm32cubeide/plugins/com.st.stm32cube.ide.mcu.externaltools.gnu-tools-for-stm32.9-2020-q2-update.win32_2.0.0.202105311346/tools/bin/../lib/gcc/arm-none-eabi/9.3.1/../../../../arm-none-eabi/lib/thumb/v7-m/nofp\libc_nano.a(lib_a-exit.o) (_global_impure_ptr)
c:/st/stm32cubeide_1.7.0/stm32cubeide/plugins/com.st.stm32cube.ide.mcu.externaltools.gnu-tools-for-stm32.9-2020-q2-update.win32_2.0.0.202105311346/tools/bin/../lib/gcc/arm-none-eabi/9.3.1/../../../../arm-none-eabi/lib/thumb/v7-m/nofp\libc_nano.a(lib_a-init.o)
                              c:/st/stm32cubeide_1.7.0/stm32cubeide/plugins/com.st.stm32cube.ide.mcu.externaltools.gnu-tools-for-stm32.9-2020-q2-update.win32_2.0.0.202105311346/tools/bin/../lib/gcc/arm-none-eabi/9.3.1/../../../../arm-none-eabi/lib/thumb/v7-m/nofp/crt0.o (__libc_init_array)
c:/st/stm32cubeide_1.7.0/stm32cubeide/plugins/com.st.stm32cube.ide.mcu.externaltools.gnu-tools-for-stm32.9-2020-q2-update.win32_2.0.0.202105311346/tools/bin/../lib/gcc/arm-none-eabi/9.3.1/../../../../arm-none-eabi/lib/thumb/v7-m/nofp\libc_nano.a(lib_a-memset.o)
                              c:/st/stm32cubeide_1.7.0/stm32cubeide/plugins/com.st.stm32cube.ide.mcu.externaltools.gnu-tools-for-stm32.9-2020-q2-update.win32_2.0.0.202105311346/tools/bin/../lib/gcc/arm-none-eabi/9.3.1/../../../../arm-none-eabi/lib/thumb/v7-m/nofp/crt0.o (memset)
c:/st/stm32cubeide_1.7.0/stm32cubeide/plugins/com.st.stm32cube.ide.mcu.externaltools.gnu-tools-for-stm32.9-2020-q2-update.win32_2.0.0.202105311346/tools/bin/../lib/gcc/arm-none-eabi/9.3.1/thumb/v7-m/nofp\libgcc.a(_arm_mulsf3.o)
                              ./Core/Src/fsm_automatic.o (__aeabi_fmul)
c:/st/stm32cubeide_1.7.0/stm32cubeide/plugins/com.st.stm32cube.ide.mcu.externaltools.gnu-tools-for-stm32.9-2020-q2-update.win32_2.0.0.202105311346/tools/bin/../lib/gcc/arm-none-eabi/9.3.1/thumb/v7-m/nofp\libgcc.a(_arm_addsubsf3.o)
                              ./Core/Src/set_traffic_led.o (__aeabi_fadd)
c:/st/stm32cubeide_1.7.0/stm32cubeide/plugins/com.st.stm32cube.ide.mcu.externaltools.gnu-tools-for-stm32.9-2020-q2-update.win32_2.0.0.202105311346/tools/bin/../lib/gcc/arm-none-eabi/9.3.1/thumb/v7-m/nofp\libgcc.a(_arm_muldivsf3.o)
                              ./Core/Src/set_traffic_led.o (__aeabi_fdiv)
c:/st/stm32cubeide_1.7.0/stm32cubeide/plugins/com.st.stm32cube.ide.mcu.externaltools.gnu-tools-for-stm32.9-2020-q2-update.win32_2.0.0.202105311346/tools/bin/../lib/gcc/arm-none-eabi/9.3.1/thumb/v7-m/nofp\libgcc.a(_arm_fixsfsi.o)
                              ./Core/Src/fsm_automatic.o (__aeabi_f2iz)

Allocating common symbols
Common symbol       size              file

uwTick              0x4               ./Drivers/STM32F1xx_HAL_Driver/Src/stm32f1xx_hal.o
pFlash              0x20              ./Drivers/STM32F1xx_HAL_Driver/Src/stm32f1xx_hal_flash.o
htim2               0x48              ./Core/Src/main.o

Discarded input sections

 .text          0x0000000000000000        0x0 c:/st/stm32cubeide_1.7.0/stm32cubeide/plugins/com.st.stm32cube.ide.mcu.externaltools.gnu-tools-for-stm32.9-2020-q2-update.win32_2.0.0.202105311346/tools/bin/../lib/gcc/arm-none-eabi/9.3.1/thumb/v7-m/nofp/crti.o
 .data          0x0000000000000000        0x0 c:/st/stm32cubeide_1.7.0/stm32cubeide/plugins/com.st.stm32cube.ide.mcu.externaltools.gnu-tools-for-stm32.9-2020-q2-update.win32_2.0.0.202105311346/tools/bin/../lib/gcc/arm-none-eabi/9.3.1/thumb/v7-m/nofp/crti.o
 .bss           0x0000000000000000        0x0 c:/st/stm32cubeide_1.7.0/stm32cubeide/plugins/com.st.stm32cube.ide.mcu.externaltools.gnu-tools-for-stm32.9-2020-q2-update.win32_2.0.0.202105311346/tools/bin/../lib/gcc/arm-none-eabi/9.3.1/thumb/v7-m/nofp/crti.o
[...]
Memory Configuration

Name             Origin             Length             Attributes
RAM              0x0000000020000000 0x0000000000002800 xrw
FLASH            0x0000000008000000 0x0000000000008000 xr
*default*        0x0000000000000000 0xffffffffffffffff

Linker script and memory map

LOAD c:/st/stm32cubeide_1.7.0/stm32cubeide/plugins/com.st.stm32cube.ide.mcu.externaltools.gnu-tools-for-stm32.9-2020-q2-update.win32_2.0.0.202105311346/tools/bin/../lib/gcc/arm-none-eabi/9.3.1/thumb/v7-m/nofp/crti.o
LOAD c:/st/stm32cubeide_1.7.0/stm32cubeide/plugins/com.st.stm32cube.ide.mcu.externaltools.gnu-tools-for-stm32.9-2020-q2-update.win32_2.0.0.202105311346/tools/bin/../lib/gcc/arm-none-eabi/9.3.1/thumb/v7-m/nofp/crtbegin.o
LOAD c:/st/stm32cubeide_1.7.0/stm32cubeide/plugins/com.st.stm32cube.ide.mcu.externaltools.gnu-tools-for-stm32.9-2020-q2-update.win32_2.0.0.202105311346/tools/bin/../lib/gcc/arm-none-eabi/9.3.1/../../../../arm-none-eabi/lib/thumb/v7-m/nofp/crt0.o
LOAD ./Core/Src/button.o
LOAD ./Core/Src/fsm_automatic.o
LOAD ./Core/Src/fsm_manual.o
LOAD ./Core/Src/global.o
LOAD ./Core/Src/main.o
LOAD ./Core/Src/set_traffic_led.o
LOAD ./Core/Src/software_timer.o
LOAD ./Core/Src/stm32f1xx_hal_msp.o
LOAD ./Core/Src/stm32f1xx_it.o
LOAD ./Core/Src/syscalls.o
LOAD ./Core/Src/sysmem.o
LOAD ./Core/Src/system_stm32f1xx.o
LOAD ./Core/Startup/startup_stm32f103c6ux.o
LOAD ./Drivers/STM32F1xx_HAL_Driver/Src/stm32f1xx_hal.o
LOAD ./Drivers/STM32F1xx_HAL_Driver/Src/stm32f1xx_hal_cortex.o
LOAD ./Drivers/STM32F1xx_HAL_Driver/Src/stm32f1xx_hal_dma.o
LOAD ./Drivers/STM32F1xx_HAL_Driver/Src/stm32f1xx_hal_exti.o
LOAD ./Drivers/STM32F1xx_HAL_Driver/Src/stm32f1xx_hal_flash.o
LOAD ./Drivers/STM32F1xx_HAL_Driver/Src/stm32f1xx_hal_flash_ex.o
LOAD ./Drivers/STM32F1xx_HAL_Driver/Src/stm32f1xx_hal_gpio.o
LOAD ./Drivers/STM32F1xx_HAL_Driver/Src/stm32f1xx_hal_gpio_ex.o
LOAD ./Drivers/STM32F1xx_HAL_Driver/Src/stm32f1xx_hal_pwr.o
LOAD ./Drivers/STM32F1xx_HAL_Driver/Src/stm32f1xx_hal_rcc.o
LOAD ./Drivers/STM32F1xx_HAL_Driver/Src/stm32f1xx_hal_rcc_ex.o
LOAD ./Drivers/STM32F1xx_HAL_Driver/Src/stm32f1xx_hal_tim.o
LOAD ./Drivers/STM32F1xx_HAL_Driver/Src/stm32f1xx_hal_tim_ex.o
START GROUP
LOAD c:/st/stm32cubeide_1.7.0/stm32cubeide/plugins/com.st.stm32cube.ide.mcu.externaltools.gnu-tools-for-stm32.9-2020-q2-update.win32_2.0.0.202105311346/tools/bin/../lib/gcc/arm-none-eabi/9.3.1/../../../../arm-none-eabi/lib/thumb/v7-m/nofp\libc_nano.a
LOAD c:/st/stm32cubeide_1.7.0/stm32cubeide/plugins/com.st.stm32cube.ide.mcu.externaltools.gnu-tools-for-stm32.9-2020-q2-update.win32_2.0.0.202105311346/tools/bin/../lib/gcc/arm-none-eabi/9.3.1/../../../../arm-none-eabi/lib/thumb/v7-m/nofp\libm.a
END GROUP
START GROUP
LOAD c:/st/stm32cubeide_1.7.0/stm32cubeide/plugins/com.st.stm32cube.ide.mcu.externaltools.gnu-tools-for-stm32.9-2020-q2-update.win32_2.0.0.202105311346/tools/bin/../lib/gcc/arm-none-eabi/9.3.1/thumb/v7-m/nofp\libgcc.a
LOAD c:/st/stm32cubeide_1.7.0/stm32cubeide/plugins/com.st.stm32cube.ide.mcu.externaltools.gnu-tools-for-stm32.9-2020-q2-update.win32_2.0.0.202105311346/tools/bin/../lib/gcc/arm-none-eabi/9.3.1/../../../../arm-none-eabi/lib/thumb/v7-m/nofp\libc_nano.a
END GROUP
START GROUP
LOAD c:/st/stm32cubeide_1.7.0/stm32cubeide/plugins/com.st.stm32cube.ide.mcu.externaltools.gnu-tools-for-stm32.9-2020-q2-update.win32_2.0.0.202105311346/tools/bin/../lib/gcc/arm-none-eabi/9.3.1/thumb/v7-m/nofp\libgcc.a
LOAD c:/st/stm32cubeide_1.7.0/stm32cubeide/plugins/com.st.stm32cube.ide.mcu.externaltools.gnu-tools-for-stm32.9-2020-q2-update.win32_2.0.0.202105311346/tools/bin/../lib/gcc/arm-none-eabi/9.3.1/../../../../arm-none-eabi/lib/thumb/v7-m/nofp\libc_nano.a
LOAD c:/st/stm32cubeide_1.7.0/stm32cubeide/plugins/com.st.stm32cube.ide.mcu.externaltools.gnu-tools-for-stm32.9-2020-q2-update.win32_2.0.0.202105311346/tools/bin/../lib/gcc/arm-none-eabi/9.3.1/../../../../arm-none-eabi/lib/thumb/v7-m/nofp\libnosys.a
END GROUP
START GROUP
LOAD c:/st/stm32cubeide_1.7.0/stm32cubeide/plugins/com.st.stm32cube.ide.mcu.externaltools.gnu-tools-for-stm32.9-2020-q2-update.win32_2.0.0.202105311346/tools/bin/../lib/gcc/arm-none-eabi/9.3.1/thumb/v7-m/nofp\libgcc.a
LOAD c:/st/stm32cubeide_1.7.0/stm32cubeide/plugins/com.st.stm32cube.ide.mcu.externaltools.gnu-tools-for-stm32.9-2020-q2-update.win32_2.0.0.202105311346/tools/bin/../lib/gcc/arm-none-eabi/9.3.1/../../../../arm-none-eabi/lib/thumb/v7-m/nofp\libc_nano.a
LOAD c:/st/stm32cubeide_1.7.0/stm32cubeide/plugins/com.st.stm32cube.ide.mcu.externaltools.gnu-tools-for-stm32.9-2020-q2-update.win32_2.0.0.202105311346/tools/bin/../lib/gcc/arm-none-eabi/9.3.1/../../../../arm-none-eabi/lib/thumb/v7-m/nofp\libnosys.a
END GROUP
LOAD c:/st/stm32cubeide_1.7.0/stm32cubeide/plugins/com.st.stm32cube.ide.mcu.externaltools.gnu-tools-for-stm32.9-2020-q2-update.win32_2.0.0.202105311346/tools/bin/../lib/gcc/arm-none-eabi/9.3.1/thumb/v7-m/nofp/crtend.o
LOAD c:/st/stm32cubeide_1.7.0/stm32cubeide/plugins/com.st.stm32cube.ide.mcu.externaltools.gnu-tools-for-stm32.9-2020-q2-update.win32_2.0.0.202105311346/tools/bin/../lib/gcc/arm-none-eabi/9.3.1/thumb/v7-m/nofp/crtn.o
                0x0000000020002800                _estack = (ORIGIN (RAM) + LENGTH (RAM))
                0x0000000000000200                _Min_Heap_Size = 0x200
                0x0000000000000400                _Min_Stack_Size = 0x400

.isr_vector     0x0000000008000000      0x10c
                0x0000000008000000                . = ALIGN (0x4)
 *(.isr_vector)
 .isr_vector    0x0000000008000000      0x10c ./Core/Startup/startup_stm32f103c6ux.o
                0x0000000008000000                g_pfnVectors
                0x000000000800010c                . = ALIGN (0x4)

.text           0x000000000800010c     0x2750
                0x000000000800010c                . = ALIGN (0x4)
 *(.text)
 .text          0x000000000800010c       0x40 c:/st/stm32cubeide_1.7.0/stm32cubeide/plugins/com.st.stm32cube.ide.mcu.externaltools.gnu-tools-for-stm32.9-2020-q2-update.win32_2.0.0.202105311346/tools/bin/../lib/gcc/arm-none-eabi/9.3.1/thumb/v7-m/nofp/crtbegin.o
 .text          0x000000000800014c      0x21c c:/st/stm32cubeide_1.7.0/stm32cubeide/plugins/com.st.stm32cube.ide.mcu.externaltools.gnu-tools-for-stm32.9-2020-q2-update.win32_2.0.0.202105311346/tools/bin/../lib/gcc/arm-none-eabi/9.3.1/thumb/v7-m/nofp\libgcc.a(_arm_addsubsf3.o)
                0x000000000800014c                __aeabi_frsub
                0x0000000008000154                __subsf3
                0x0000000008000154                __aeabi_fsub
                0x0000000008000158                __aeabi_fadd
                0x0000000008000158                __addsf3
                0x00000000080002b8                __aeabi_ui2f
                0x00000000080002b8                __floatunsisf
                0x00000000080002c0                __aeabi_i2f
                0x00000000080002c0                __floatsisf
                0x00000000080002dc                __aeabi_ul2f
                0x00000000080002dc                __floatundisf
                0x00000000080002ec                __aeabi_l2f
                0x00000000080002ec                __floatdisf
 .text          0x0000000008000368      0x2a0 c:/st/stm32cubeide_1.7.0/stm32cubeide/plugins/com.st.stm32cube.ide.mcu.externaltools.gnu-tools-for-stm32.9-2020-q2-update.win32_2.0.0.202105311346/tools/bin/../lib/gcc/arm-none-eabi/9.3.1/thumb/v7-m/nofp\libgcc.a(_arm_muldivsf3.o)
                0x0000000008000368                __mulsf3
                0x0000000008000368                __aeabi_fmul
                0x00000000080004d0                __aeabi_fdiv
                0x00000000080004d0                __divsf3
 .text          0x0000000008000608       0x4c c:/st/stm32cubeide_1.7.0/stm32cubeide/plugins/com.st.stm32cube.ide.mcu.externaltools.gnu-tools-for-stm32.9-2020-q2-update.win32_2.0.0.202105311346/tools/bin/../lib/gcc/arm-none-eabi/9.3.1/thumb/v7-m/nofp\libgcc.a(_arm_fixsfsi.o)
                0x0000000008000608                __aeabi_f2iz
                0x0000000008000608                __fixsfsi
 *(.text*)
 .text.set_button1_flag
                0x0000000008000654       0x18 ./Core/Src/button.o
                0x0000000008000654                set_button1_flag
 .text.set_button2_flag
                0x000000000800066c       0x18 ./Core/Src/button.o
                0x000000000800066c                set_button2_flag
 .text.isButton2Pressed
                0x0000000008000684       0x24 ./Core/Src/button.o
                0x0000000008000684                isButton2Pressed
 .text.isButton1Pressed
                0x00000000080006a8       0x24 ./Core/Src/button.o
                0x00000000080006a8                isButton1Pressed
 .text.Button1Press
                0x00000000080006cc       0xa8 ./Core/Src/button.o
                0x00000000080006cc                Button1Press
 .text.set_duration_main
                0x0000000008000774       0xdc ./Core/Src/button.o
                0x0000000008000774                set_duration_main
 .text.fsm_automatic_run
                0x0000000008000850      0x168 ./Core/Src/fsm_automatic.o
                0x0000000008000850                fsm_automatic_run
 .text.fsm_manual_run
                0x00000000080009b8      0x1c4 ./Core/Src/fsm_manual.o
                0x00000000080009b8                fsm_manual_run
 .text.main     0x0000000008000b7c       0x34 ./Core/Src/main.o
                0x0000000008000b7c                main
 .text.SystemClock_Config
                0x0000000008000bb0       0x76 ./Core/Src/main.o
                0x0000000008000bb0                SystemClock_Config
 *fill*         0x0000000008000c26        0x2 
 .text.MX_TIM2_Init
                0x0000000008000c28       0x98 ./Core/Src/main.o
 .text.MX_GPIO_Init
                0x0000000008000cc0       0xfc ./Core/Src/main.o
 .text.HAL_TIM_PeriodElapsedCallback
                0x0000000008000dbc       0x1c ./Core/Src/main.o
                0x0000000008000dbc                HAL_TIM_PeriodElapsedCallback
 .text.Error_Handler
                0x0000000008000dd8        0xa ./Core/Src/main.o
                0x0000000008000dd8                Error_Handler
 *fill*         0x0000000008000de2        0x2 
 .text.set_red  0x0000000008000de4       0x2c ./Core/Src/set_traffic_led.o
                0x0000000008000de4                set_red
 .text.set_green
                0x0000000008000e10       0x2c ./Core/Src/set_traffic_led.o
                0x0000000008000e10                set_green
 .text.set_yellow
                0x0000000008000e3c       0x2c ./Core/Src/set_traffic_led.o
                0x0000000008000e3c                set_yellow
 .text.set_autoAjust_red
                0x0000000008000e68       0x74 ./Core/Src/set_traffic_led.o
                0x0000000008000e68                set_autoAjust_red
 .text.set_autoAjust_yellow
                0x0000000008000edc       0x78 ./Core/Src/set_traffic_led.o
                0x0000000008000edc                set_autoAjust_yellow
 .text.set_autoAjust_green
                0x0000000008000f54       0x74 ./Core/Src/set_traffic_led.o
                0x0000000008000f54                set_autoAjust_green
 .text.clear    0x0000000008000fc8       0x2c ./Core/Src/set_traffic_led.o
                0x0000000008000fc8                clear
 .text.set_Timer1
                0x0000000008000ff4       0x28 ./Core/Src/software_timer.o
                0x0000000008000ff4                set_Timer1
 .text.timerRun
                0x000000000800101c       0xac ./Core/Src/software_timer.o
                0x000000000800101c                timerRun
 .text.HAL_MspInit
                0x00000000080010c8       0x64 ./Core/Src/stm32f1xx_hal_msp.o
                0x00000000080010c8                HAL_MspInit
 .text.HAL_TIM_Base_MspInit
                0x000000000800112c       0x48 ./Core/Src/stm32f1xx_hal_msp.o
                0x000000000800112c                HAL_TIM_Base_MspInit
 .text.NMI_Handler
                0x0000000008001174        0x6 ./Core/Src/stm32f1xx_it.o
                0x0000000008001174                NMI_Handler
 .text.HardFault_Handler
                0x000000000800117a        0x6 ./Core/Src/stm32f1xx_it.o
                0x000000000800117a                HardFault_Handler
 .text.MemManage_Handler
                0x0000000008001180        0x6 ./Core/Src/stm32f1xx_it.o
                0x0000000008001180                MemManage_Handler
 .text.BusFault_Handler
                0x0000000008001186        0x6 ./Core/Src/stm32f1xx_it.o
                0x0000000008001186                BusFault_Handler
 .text.UsageFault_Handler
                0x000000000800118c        0x6 ./Core/Src/stm32f1xx_it.o
                0x000000000800118c                UsageFault_Handler
 .text.SVC_Handler
                0x0000000008001192        0xc ./Core/Src/stm32f1xx_it.o
                0x0000000008001192                SVC_Handler
 .text.DebugMon_Handler
                0x000000000800119e        0xc ./Core/Src/stm32f1xx_it.o
                0x000000000800119e                DebugMon_Handler
 .text.PendSV_Handler
                0x00000000080011aa        0xc ./Core/Src/stm32f1xx_it.o
                0x00000000080011aa                PendSV_Handler
 .text.SysTick_Handler
                0x00000000080011b6        0xc ./Core/Src/stm32f1xx_it.o
                0x00000000080011b6                SysTick_Handler
 *fill*         0x00000000080011c2        0x2 
 .text.TIM2_IRQHandler
                0x00000000080011c4       0x14 ./Core/Src/stm32f1xx_it.o
                0x00000000080011c4                TIM2_IRQHandler
 .text.SystemInit
                0x00000000080011d8        0xc ./Core/Src/system_stm32f1xx.o
                0x00000000080011d8                SystemInit
 .text.Reset_Handler
                0x00000000080011e4       0x48 ./Core/Startup/startup_stm32f103c6ux.o
                0x00000000080011e4                Reset_Handler
 .text.Default_Handler
                0x000000000800122c        0x2 ./Core/Startup/startup_stm32f103c6ux.o
                0x000000000800122c                RTC_Alarm_IRQHandler
                0x000000000800122c                EXTI2_IRQHandler
                0x000000000800122c                TIM1_CC_IRQHandler
                0x000000000800122c                PVD_IRQHandler
                0x000000000800122c                EXTI3_IRQHandler
                0x000000000800122c                EXTI0_IRQHandler
                0x000000000800122c                ADC1_2_IRQHandler
                0x000000000800122c                SPI1_IRQHandler
                0x000000000800122c                TAMPER_IRQHandler
                0x000000000800122c                DMA1_Channel4_IRQHandler
                0x000000000800122c                RTC_IRQHandler
                0x000000000800122c                DMA1_Channel7_IRQHandler
                0x000000000800122c                CAN1_RX1_IRQHandler
                0x000000000800122c                I2C1_EV_IRQHandler
                0x000000000800122c                DMA1_Channel6_IRQHandler
                0x000000000800122c                TIM3_IRQHandler
                0x000000000800122c                RCC_IRQHandler
                0x000000000800122c                TIM1_TRG_COM_IRQHandler
                0x000000000800122c                DMA1_Channel1_IRQHandler
                0x000000000800122c                Default_Handler
                0x000000000800122c                EXTI15_10_IRQHandler
                0x000000000800122c                EXTI9_5_IRQHandler
                0x000000000800122c                DMA1_Channel5_IRQHandler
                0x000000000800122c                EXTI4_IRQHandler
                0x000000000800122c                USB_LP_CAN1_RX0_IRQHandler
                0x000000000800122c                USB_HP_CAN1_TX_IRQHandler
                0x000000000800122c                DMA1_Channel3_IRQHandler
                0x000000000800122c                TIM1_UP_IRQHandler
                0x000000000800122c                WWDG_IRQHandler
                0x000000000800122c                TIM1_BRK_IRQHandler
                0x000000000800122c                EXTI1_IRQHandler
                0x000000000800122c                USART2_IRQHandler
                0x000000000800122c                DMA1_Channel2_IRQHandler
                0x000000000800122c                CAN1_SCE_IRQHandler
                0x000000000800122c                FLASH_IRQHandler
                0x000000000800122c                USART1_IRQHandler
                0x000000000800122c                I2C1_ER_IRQHandler
                0x000000000800122c                USBWakeUp_IRQHandler
 *fill*         0x000000000800122e        0x2 
 .text.HAL_Init
                0x0000000008001230       0x2c ./Drivers/STM32F1xx_HAL_Driver/Src/stm32f1xx_hal.o
                0x0000000008001230                HAL_Init
 .text.HAL_InitTick
                0x000000000800125c       0x60 ./Drivers/STM32F1xx_HAL_Driver/Src/stm32f1xx_hal.o
                0x000000000800125c                HAL_InitTick
 .text.HAL_IncTick
                0x00000000080012bc       0x24 ./Drivers/STM32F1xx_HAL_Driver/Src/stm32f1xx_hal.o
                0x00000000080012bc                HAL_IncTick
 .text.HAL_GetTick
                0x00000000080012e0       0x14 ./Drivers/STM32F1xx_HAL_Driver/Src/stm32f1xx_hal.o
                0x00000000080012e0                HAL_GetTick
 .text.__NVIC_SetPriorityGrouping
                0x00000000080012f4       0x48 ./Drivers/STM32F1xx_HAL_Driver/Src/stm32f1xx_hal_cortex.o
 .text.__NVIC_GetPriorityGrouping
                0x000000000800133c       0x1c ./Drivers/STM32F1xx_HAL_Driver/Src/stm32f1xx_hal_cortex.o
 .text.__NVIC_EnableIRQ
                0x0000000008001358       0x38 ./Drivers/STM32F1xx_HAL_Driver/Src/stm32f1xx_hal_cortex.o
 .text.__NVIC_SetPriority
                0x0000000008001390       0x54 ./Drivers/STM32F1xx_HAL_Driver/Src/stm32f1xx_hal_cortex.o
 .text.NVIC_EncodePriority
                0x00000000080013e4       0x64 ./Drivers/STM32F1xx_HAL_Driver/Src/stm32f1xx_hal_cortex.o
 .text.SysTick_Config
                0x0000000008001448       0x44 ./Drivers/STM32F1xx_HAL_Driver/Src/stm32f1xx_hal_cortex.o
 .text.HAL_NVIC_SetPriorityGrouping
                0x000000000800148c       0x16 ./Drivers/STM32F1xx_HAL_Driver/Src/stm32f1xx_hal_cortex.o
                0x000000000800148c                HAL_NVIC_SetPriorityGrouping
 .text.HAL_NVIC_SetPriority
                0x00000000080014a2       0x38 ./Drivers/STM32F1xx_HAL_Driver/Src/stm32f1xx_hal_cortex.o
                0x00000000080014a2                HAL_NVIC_SetPriority
 .text.HAL_NVIC_EnableIRQ
                0x00000000080014da       0x1c ./Drivers/STM32F1xx_HAL_Driver/Src/stm32f1xx_hal_cortex.o
                0x00000000080014da                HAL_NVIC_EnableIRQ
 .text.HAL_SYSTICK_Config
                0x00000000080014f6       0x18 ./Drivers/STM32F1xx_HAL_Driver/Src/stm32f1xx_hal_cortex.o
                0x00000000080014f6                HAL_SYSTICK_Config
 *fill*         0x000000000800150e        0x2 
 .text.HAL_GPIO_Init
                0x0000000008001510      0x2f4 ./Drivers/STM32F1xx_HAL_Driver/Src/stm32f1xx_hal_gpio.o
                0x0000000008001510                HAL_GPIO_Init
 .text.HAL_GPIO_ReadPin
                0x0000000008001804       0x2e ./Drivers/STM32F1xx_HAL_Driver/Src/stm32f1xx_hal_gpio.o
                0x0000000008001804                HAL_GPIO_ReadPin
 .text.HAL_GPIO_WritePin
                0x0000000008001832       0x30 ./Drivers/STM32F1xx_HAL_Driver/Src/stm32f1xx_hal_gpio.o
                0x0000000008001832                HAL_GPIO_WritePin
 *fill*         0x0000000008001862        0x2 
 .text.HAL_RCC_OscConfig
                0x0000000008001864      0x500 ./Drivers/STM32F1xx_HAL_Driver/Src/stm32f1xx_hal_rcc.o
                0x0000000008001864                HAL_RCC_OscConfig
 .text.HAL_RCC_ClockConfig
                0x0000000008001d64      0x1d4 ./Drivers/STM32F1xx_HAL_Driver/Src/stm32f1xx_hal_rcc.o
                0x0000000008001d64                HAL_RCC_ClockConfig
 .text.HAL_RCC_GetSysClockFreq
                0x0000000008001f38       0xa8 ./Drivers/STM32F1xx_HAL_Driver/Src/stm32f1xx_hal_rcc.o
                0x0000000008001f38                HAL_RCC_GetSysClockFreq
 .text.RCC_Delay
                0x0000000008001fe0       0x3c ./Drivers/STM32F1xx_HAL_Driver/Src/stm32f1xx_hal_rcc.o
 .text.HAL_TIM_Base_Init
                0x000000000800201c       0x9e ./Drivers/STM32F1xx_HAL_Driver/Src/stm32f1xx_hal_tim.o
                0x000000000800201c                HAL_TIM_Base_Init
 *fill*         0x00000000080020ba        0x2 
 .text.HAL_TIM_Base_Start_IT
                0x00000000080020bc       0x98 ./Drivers/STM32F1xx_HAL_Driver/Src/stm32f1xx_hal_tim.o
                0x00000000080020bc                HAL_TIM_Base_Start_IT
 .text.HAL_TIM_IRQHandler
                0x0000000008002154      0x210 ./Drivers/STM32F1xx_HAL_Driver/Src/stm32f1xx_hal_tim.o
                0x0000000008002154                HAL_TIM_IRQHandler
 .text.HAL_TIM_ConfigClockSource
                0x0000000008002364      0x18e ./Drivers/STM32F1xx_HAL_Driver/Src/stm32f1xx_hal_tim.o
                0x0000000008002364                HAL_TIM_ConfigClockSource
 .text.HAL_TIM_OC_DelayElapsedCallback
                0x00000000080024f2       0x12 ./Drivers/STM32F1xx_HAL_Driver/Src/stm32f1xx_hal_tim.o
                0x00000000080024f2                HAL_TIM_OC_DelayElapsedCallback
 .text.HAL_TIM_IC_CaptureCallback
                0x0000000008002504       0x12 ./Drivers/STM32F1xx_HAL_Driver/Src/stm32f1xx_hal_tim.o
                0x0000000008002504                HAL_TIM_IC_CaptureCallback
 .text.HAL_TIM_PWM_PulseFinishedCallback
                0x0000000008002516       0x12 ./Drivers/STM32F1xx_HAL_Driver/Src/stm32f1xx_hal_tim.o
                0x0000000008002516                HAL_TIM_PWM_PulseFinishedCallback
 .text.HAL_TIM_TriggerCallback
                0x0000000008002528       0x12 ./Drivers/STM32F1xx_HAL_Driver/Src/stm32f1xx_hal_tim.o
                0x0000000008002528                HAL_TIM_TriggerCallback
 *fill*         0x000000000800253a        0x2 
 .text.TIM_Base_SetConfig
                0x000000000800253c       0xb0 ./Drivers/STM32F1xx_HAL_Driver/Src/stm32f1xx_hal_tim.o
                0x000000000800253c                TIM_Base_SetConfig
 .text.TIM_TI1_ConfigInputStage
                0x00000000080025ec       0x5c ./Drivers/STM32F1xx_HAL_Driver/Src/stm32f1xx_hal_tim.o
 .text.TIM_TI2_ConfigInputStage
                0x0000000008002648       0x5e ./Drivers/STM32F1xx_HAL_Driver/Src/stm32f1xx_hal_tim.o
 .text.TIM_ITRx_SetConfig
                0x00000000080026a6       0x34 ./Drivers/STM32F1xx_HAL_Driver/Src/stm32f1xx_hal_tim.o
 .text.TIM_ETR_SetConfig
                0x00000000080026da       0x3e ./Drivers/STM32F1xx_HAL_Driver/Src/stm32f1xx_hal_tim.o
                0x00000000080026da                TIM_ETR_SetConfig
 .text.HAL_TIMEx_MasterConfigSynchronization
                0x0000000008002718       0xb0 ./Drivers/STM32F1xx_HAL_Driver/Src/stm32f1xx_hal_tim_ex.o
                0x0000000008002718                HAL_TIMEx_MasterConfigSynchronization
 .text.HAL_TIMEx_CommutCallback
                0x00000000080027c8       0x12 ./Drivers/STM32F1xx_HAL_Driver/Src/stm32f1xx_hal_tim_ex.o
                0x00000000080027c8                HAL_TIMEx_CommutCallback
 .text.HAL_TIMEx_BreakCallback
                0x00000000080027da       0x12 ./Drivers/STM32F1xx_HAL_Driver/Src/stm32f1xx_hal_tim_ex.o
                0x00000000080027da                HAL_TIMEx_BreakCallback
 .text.__libc_init_array
                0x00000000080027ec       0x48 c:/st/stm32cubeide_1.7.0/stm32cubeide/plugins/com.st.stm32cube.ide.mcu.externaltools.gnu-tools-for-stm32.9-2020-q2-update.win32_2.0.0.202105311346/tools/bin/../lib/gcc/arm-none-eabi/9.3.1/../../../../arm-none-eabi/lib/thumb/v7-m/nofp\libc_nano.a(lib_a-init.o)
                0x00000000080027ec                __libc_init_array
 .text.memset   0x0000000008002834       0x10 c:/st/stm32cubeide_1.7.0/stm32cubeide/plugins/com.st.stm32cube.ide.mcu.externaltools.gnu-tools-for-stm32.9-2020-q2-update.win32_2.0.0.202105311346/tools/bin/../lib/gcc/arm-none-eabi/9.3.1/../../../../arm-none-eabi/lib/thumb/v7-m/nofp\libc_nano.a(lib_a-memset.o)
                0x0000000008002834                memset
 *(.glue_7)
 .glue_7        0x0000000008002844        0x0 linker stubs
 *(.glue_7t)
 .glue_7t       0x0000000008002844        0x0 linker stubs
 *(.eh_frame)
 .eh_frame      0x0000000008002844        0x0 c:/st/stm32cubeide_1.7.0/stm32cubeide/plugins/com.st.stm32cube.ide.mcu.externaltools.gnu-tools-for-stm32.9-2020-q2-update.win32_2.0.0.202105311346/tools/bin/../lib/gcc/arm-none-eabi/9.3.1/thumb/v7-m/nofp/crtbegin.o
 *(.init)
 .init          0x0000000008002844        0x4 c:/st/stm32cubeide_1.7.0/stm32cubeide/plugins/com.st.stm32cube.ide.mcu.externaltools.gnu-tools-for-stm32.9-2020-q2-update.win32_2.0.0.202105311346/tools/bin/../lib/gcc/arm-none-eabi/9.3.1/thumb/v7-m/nofp/crti.o
                0x0000000008002844                _init
 .init          0x0000000008002848        0x8 c:/st/stm32cubeide_1.7.0/stm32cubeide/plugins/com.st.stm32cube.ide.mcu.externaltools.gnu-tools-for-stm32.9-2020-q2-update.win32_2.0.0.202105311346/tools/bin/../lib/gcc/arm-none-eabi/9.3.1/thumb/v7-m/nofp/crtn.o
 *(.fini)
 .fini          0x0000000008002850        0x4 c:/st/stm32cubeide_1.7.0/stm32cubeide/plugins/com.st.stm32cube.ide.mcu.externaltools.gnu-tools-for-stm32.9-2020-q2-update.win32_2.0.0.202105311346/tools/bin/../lib/gcc/arm-none-eabi/9.3.1/thumb/v7-m/nofp/crti.o
                0x0000000008002850                _fini
 .fini          0x0000000008002854        0x8 c:/st/stm32cubeide_1.7.0/stm32cubeide/plugins/com.st.stm32cube.ide.mcu.externaltools.gnu-tools-for-stm32.9-2020-q2-update.win32_2.0.0.202105311346/tools/bin/../lib/gcc/arm-none-eabi/9.3.1/thumb/v7-m/nofp/crtn.o
                0x000000000800285c                . = ALIGN (0x4)
                0x000000000800285c                _etext = .

.vfp11_veneer   0x000000000800285c        0x0
 .vfp11_veneer  0x000000000800285c        0x0 linker stubs

.v4_bx          0x000000000800285c        0x0
 .v4_bx         0x000000000800285c        0x0 linker stubs

.iplt           0x000000000800285c        0x0
 .iplt          0x000000000800285c        0x0 c:/st/stm32cubeide_1.7.0/stm32cubeide/plugins/com.st.stm32cube.ide.mcu.externaltools.gnu-tools-for-stm32.9-2020-q2-update.win32_2.0.0.202105311346/tools/bin/../lib/gcc/arm-none-eabi/9.3.1/thumb/v7-m/nofp/crtbegin.o

.rodata         0x000000000800285c       0x24
                0x000000000800285c                . = ALIGN (0x4)
 *(.rodata)
 *(.rodata*)
 .rodata.AHBPrescTable
                0x000000000800285c       0x10 ./Core/Src/system_stm32f1xx.o
                0x000000000800285c                AHBPrescTable
 .rodata.aPLLMULFactorTable.6032
                0x000000000800286c       0x10 ./Drivers/STM32F1xx_HAL_Driver/Src/stm32f1xx_hal_rcc.o
 .rodata.aPredivFactorTable.6033
                0x000000000800287c        0x2 ./Drivers/STM32F1xx_HAL_Driver/Src/stm32f1xx_hal_rcc.o
                0x0000000008002880                . = ALIGN (0x4)
 *fill*         0x000000000800287e        0x2 

.rel.dyn        0x0000000008002880        0x0
 .rel.iplt      0x0000000008002880        0x0 c:/st/stm32cubeide_1.7.0/stm32cubeide/plugins/com.st.stm32cube.ide.mcu.externaltools.gnu-tools-for-stm32.9-2020-q2-update.win32_2.0.0.202105311346/tools/bin/../lib/gcc/arm-none-eabi/9.3.1/thumb/v7-m/nofp/crtbegin.o

.ARM.extab      0x0000000008002880        0x0
                0x0000000008002880                . = ALIGN (0x4)
 *(.ARM.extab* .gnu.linkonce.armextab.*)
                0x0000000008002880                . = ALIGN (0x4)

.ARM            0x0000000008002880        0x0
                0x0000000008002880                . = ALIGN (0x4)
                0x0000000008002880                __exidx_start = .
 *(.ARM.exidx*)
                0x0000000008002880                __exidx_end = .
                0x0000000008002880                . = ALIGN (0x4)

.preinit_array  0x0000000008002880        0x0
                0x0000000008002880                . = ALIGN (0x4)
                0x0000000008002880                PROVIDE (__preinit_array_start = .)
 *(.preinit_array*)
                0x0000000008002880                PROVIDE (__preinit_array_end = .)
                0x0000000008002880                . = ALIGN (0x4)

.init_array     0x0000000008002880        0x4
                0x0000000008002880                . = ALIGN (0x4)
                0x0000000008002880                PROVIDE (__init_array_start = .)
 *(SORT_BY_NAME(.init_array.*))
 *(.init_array*)
 .init_array    0x0000000008002880        0x4 c:/st/stm32cubeide_1.7.0/stm32cubeide/plugins/com.st.stm32cube.ide.mcu.externaltools.gnu-tools-for-stm32.9-2020-q2-update.win32_2.0.0.202105311346/tools/bin/../lib/gcc/arm-none-eabi/9.3.1/thumb/v7-m/nofp/crtbegin.o
                0x0000000008002884                PROVIDE (__init_array_end = .)
                0x0000000008002884                . = ALIGN (0x4)

.fini_array     0x0000000008002884        0x4
                0x0000000008002884                . = ALIGN (0x4)
                [!provide]                        PROVIDE (__fini_array_start = .)
 *(SORT_BY_NAME(.fini_array.*))
 *(.fini_array*)
 .fini_array    0x0000000008002884        0x4 c:/st/stm32cubeide_1.7.0/stm32cubeide/plugins/com.st.stm32cube.ide.mcu.externaltools.gnu-tools-for-stm32.9-2020-q2-update.win32_2.0.0.202105311346/tools/bin/../lib/gcc/arm-none-eabi/9.3.1/thumb/v7-m/nofp/crtbegin.o
                [!provide]                        PROVIDE (__fini_array_end = .)
                0x0000000008002888                . = ALIGN (0x4)
                0x0000000008002888                _sidata = LOADADDR (.data)

.data           0x0000000020000000       0x3c load address 0x0000000008002888
                0x0000000020000000                . = ALIGN (0x4)
                0x0000000020000000                _sdata = .
 *(.data)
 *(.data*)
 .data.KeyReg0  0x0000000020000000        0x4 ./Core/Src/button.o
                0x0000000020000000                KeyReg0
 .data.KeyReg1  0x0000000020000004        0x4 ./Core/Src/button.o
                0x0000000020000004                KeyReg1
 .data.KeyReg2  0x0000000020000008        0x4 ./Core/Src/button.o
                0x0000000020000008                KeyReg2
 .data.KeyReg3  0x000000002000000c        0x4 ./Core/Src/button.o
                0x000000002000000c                KeyReg3
 .data.KeyReg4  0x0000000020000010        0x4 ./Core/Src/button.o
                0x0000000020000010                KeyReg4
 .data.KeyReg5  0x0000000020000014        0x4 ./Core/Src/button.o
                0x0000000020000014                KeyReg5
 .data.KeyReg6  0x0000000020000018        0x4 ./Core/Src/button.o
                0x0000000020000018                KeyReg6
 .data.KeyReg7  0x000000002000001c        0x4 ./Core/Src/button.o
                0x000000002000001c                KeyReg7
 .data.TimerForKeyPress
                0x0000000020000020        0x4 ./Core/Src/button.o
                0x0000000020000020                TimerForKeyPress
 .data.red_duration
                0x0000000020000024        0x4 ./Core/Src/global.o
                0x0000000020000024                red_duration
 .data.green_duration
                0x0000000020000028        0x4 ./Core/Src/global.o
                0x0000000020000028                green_duration
 .data.yellow_duration
                0x000000002000002c        0x4 ./Core/Src/global.o
                0x000000002000002c                yellow_duration
 .data.SystemCoreClock
                0x0000000020000030        0x4 ./Core/Src/system_stm32f1xx.o
                0x0000000020000030                SystemCoreClock
 .data.uwTickPrio
                0x0000000020000034        0x4 ./Drivers/STM32F1xx_HAL_Driver/Src/stm32f1xx_hal.o
                0x0000000020000034                uwTickPrio
 .data.uwTickFreq
                0x0000000020000038        0x1 ./Drivers/STM32F1xx_HAL_Driver/Src/stm32f1xx_hal.o
                0x0000000020000038                uwTickFreq
 *(.RamFunc)
 *(.RamFunc*)
                0x000000002000003c                . = ALIGN (0x4)
 *fill*         0x0000000020000039        0x3 
                0x000000002000003c                _edata = .

.igot.plt       0x000000002000003c        0x0 load address 0x00000000080028c4
 .igot.plt      0x000000002000003c        0x0 c:/st/stm32cubeide_1.7.0/stm32cubeide/plugins/com.st.stm32cube.ide.mcu.externaltools.gnu-tools-for-stm32.9-2020-q2-update.win32_2.0.0.202105311346/tools/bin/../lib/gcc/arm-none-eabi/9.3.1/thumb/v7-m/nofp/crtbegin.o
                0x000000002000003c                . = ALIGN (0x4)

.bss            0x000000002000003c       0x98 load address 0x00000000080028c4
                0x000000002000003c                _sbss = .
                0x000000002000003c                __bss_start__ = _sbss
 *(.bss)
 .bss           0x000000002000003c       0x1c c:/st/stm32cubeide_1.7.0/stm32cubeide/plugins/com.st.stm32cube.ide.mcu.externaltools.gnu-tools-for-stm32.9-2020-q2-update.win32_2.0.0.202105311346/tools/bin/../lib/gcc/arm-none-eabi/9.3.1/thumb/v7-m/nofp/crtbegin.o
 *(.bss*)
 .bss.button1_flag
                0x0000000020000058        0x4 ./Core/Src/button.o
                0x0000000020000058                button1_flag
 .bss.button2_flag
                0x000000002000005c        0x4 ./Core/Src/button.o
                0x000000002000005c                button2_flag
 .bss.status    0x0000000020000060        0x4 ./Core/Src/global.o
                0x0000000020000060                status
 .bss.MAN_duration
                0x0000000020000064        0x4 ./Core/Src/global.o
                0x0000000020000064                MAN_duration
 .bss.timer1_flag
                0x0000000020000068        0x4 ./Core/Src/software_timer.o
                0x0000000020000068                timer1_flag
 .bss.timer1_counter
                0x000000002000006c        0x4 ./Core/Src/software_timer.o
                0x000000002000006c                timer1_counter
 .bss.timer2_flag
                0x0000000020000070        0x4 ./Core/Src/software_timer.o
                0x0000000020000070                timer2_flag
 .bss.timer2_counter
                0x0000000020000074        0x4 ./Core/Src/software_timer.o
                0x0000000020000074                timer2_counter
 .bss.timer3_flag
                0x0000000020000078        0x4 ./Core/Src/software_timer.o
                0x0000000020000078                timer3_flag
 .bss.timer3_counter
                0x000000002000007c        0x4 ./Core/Src/software_timer.o
                0x000000002000007c                timer3_counter
 .bss.timer4_flag
                0x0000000020000080        0x4 ./Core/Src/software_timer.o
                0x0000000020000080                timer4_flag
 .bss.timer4_counter
                0x0000000020000084        0x4 ./Core/Src/software_timer.o
                0x0000000020000084                timer4_counter
 *(COMMON)
 COMMON         0x0000000020000088       0x48 ./Core/Src/main.o
                0x0000000020000088                htim2
 COMMON         0x00000000200000d0        0x4 ./Drivers/STM32F1xx_HAL_Driver/Src/stm32f1xx_hal.o
                0x00000000200000d0                uwTick
                0x00000000200000d4                . = ALIGN (0x4)
                0x00000000200000d4                _ebss = .
                0x00000000200000d4                __bss_end__ = _ebss

._user_heap_stack
                0x00000000200000d4      0x604 load address 0x00000000080028c4
                0x00000000200000d8                . = ALIGN (0x8)
 *fill*         0x00000000200000d4        0x4 
                [!provide]                        PROVIDE (end = .)
                0x00000000200000d8                PROVIDE (_end = .)
                0x00000000200002d8                . = (. + _Min_Heap_Size)
 *fill*         0x00000000200000d8      0x200 
                0x00000000200006d8                . = (. + _Min_Stack_Size)
 *fill*         0x00000000200002d8      0x400 
                0x00000000200006d8                . = ALIGN (0x8)

/DISCARD/
 libc.a(*)
 libm.a(*)
 libgcc.a(*)

.ARM.attributes
                0x0000000000000000       0x29
 *(.ARM.attributes)
 .ARM.attributes
                0x0000000000000000       0x1d c:/st/stm32cubeide_1.7.0/stm32cubeide/plugins/com.st.stm32cube.ide.mcu.externaltools.gnu-tools-for-stm32.9-2020-q2-update.win32_2.0.0.202105311346/tools/bin/../lib/gcc/arm-none-eabi/9.3.1/thumb/v7-m/nofp/crti.o
 .ARM.attributes
                0x000000000000001d       0x2d c:/st/stm32cubeide_1.7.0/stm32cubeide/plugins/com.st.stm32cube.ide.mcu.externaltools.gnu-tools-for-stm32.9-2020-q2-update.win32_2.0.0.202105311346/tools/bin/../lib/gcc/arm-none-eabi/9.3.1/thumb/v7-m/nofp/crtbegin.o
 .ARM.attributes
                0x000000000000004a       0x2d ./Core/Src/button.o
 .ARM.attributes
                0x0000000000000077       0x2d ./Core/Src/fsm_automatic.o
 .ARM.attributes
                0x00000000000000a4       0x2d ./Core/Src/fsm_manual.o
 .ARM.attributes
                0x00000000000000d1       0x33 ./Core/Src/global.o
 .ARM.attributes
                0x0000000000000104       0x2d ./Core/Src/main.o
 .ARM.attributes
                0x0000000000000131       0x2d ./Core/Src/set_traffic_led.o
 .ARM.attributes
                0x000000000000015e       0x2d ./Core/Src/software_timer.o
 .ARM.attributes
                0x000000000000018b       0x2d ./Core/Src/stm32f1xx_hal_msp.o
 .ARM.attributes
                0x00000000000001b8       0x2d ./Core/Src/stm32f1xx_it.o
 .ARM.attributes
                0x00000000000001e5       0x2d ./Core/Src/system_stm32f1xx.o
 .ARM.attributes
                0x0000000000000212       0x21 ./Core/Startup/startup_stm32f103c6ux.o
 .ARM.attributes
                0x0000000000000233       0x2d ./Drivers/STM32F1xx_HAL_Driver/Src/stm32f1xx_hal.o
 .ARM.attributes
                0x0000000000000260       0x2d ./Drivers/STM32F1xx_HAL_Driver/Src/stm32f1xx_hal_cortex.o
 .ARM.attributes
                0x000000000000028d       0x2d ./Drivers/STM32F1xx_HAL_Driver/Src/stm32f1xx_hal_gpio.o
 .ARM.attributes
                0x00000000000002ba       0x2d ./Drivers/STM32F1xx_HAL_Driver/Src/stm32f1xx_hal_rcc.o
 .ARM.attributes
                0x00000000000002e7       0x2d ./Drivers/STM32F1xx_HAL_Driver/Src/stm32f1xx_hal_tim.o
 .ARM.attributes
                0x0000000000000314       0x2d ./Drivers/STM32F1xx_HAL_Driver/Src/stm32f1xx_hal_tim_ex.o
 .ARM.attributes
                0x0000000000000341       0x2d c:/st/stm32cubeide_1.7.0/stm32cubeide/plugins/com.st.stm32cube.ide.mcu.externaltools.gnu-tools-for-stm32.9-2020-q2-update.win32_2.0.0.202105311346/tools/bin/../lib/gcc/arm-none-eabi/9.3.1/../../../../arm-none-eabi/lib/thumb/v7-m/nofp\libc_nano.a(lib_a-init.o)
 .ARM.attributes
                0x000000000000036e       0x2d c:/st/stm32cubeide_1.7.0/stm32cubeide/plugins/com.st.stm32cube.ide.mcu.externaltools.gnu-tools-for-stm32.9-2020-q2-update.win32_2.0.0.202105311346/tools/bin/../lib/gcc/arm-none-eabi/9.3.1/../../../../arm-none-eabi/lib/thumb/v7-m/nofp\libc_nano.a(lib_a-memset.o)
 .ARM.attributes
                0x000000000000039b       0x1d c:/st/stm32cubeide_1.7.0/stm32cubeide/plugins/com.st.stm32cube.ide.mcu.externaltools.gnu-tools-for-stm32.9-2020-q2-update.win32_2.0.0.202105311346/tools/bin/../lib/gcc/arm-none-eabi/9.3.1/thumb/v7-m/nofp\libgcc.a(_arm_addsubsf3.o)
 .ARM.attributes
                0x00000000000003b8       0x1d c:/st/stm32cubeide_1.7.0/stm32cubeide/plugins/com.st.stm32cube.ide.mcu.externaltools.gnu-tools-for-stm32.9-2020-q2-update.win32_2.0.0.202105311346/tools/bin/../lib/gcc/arm-none-eabi/9.3.1/thumb/v7-m/nofp\libgcc.a(_arm_muldivsf3.o)
 .ARM.attributes
                0x00000000000003d5       0x1d c:/st/stm32cubeide_1.7.0/stm32cubeide/plugins/com.st.stm32cube.ide.mcu.externaltools.gnu-tools-for-stm32.9-2020-q2-update.win32_2.0.0.202105311346/tools/bin/../lib/gcc/arm-none-eabi/9.3.1/thumb/v7-m/nofp\libgcc.a(_arm_fixsfsi.o)
 .ARM.attributes
                0x00000000000003f2       0x1d c:/st/stm32cubeide_1.7.0/stm32cubeide/plugins/com.st.stm32cube.ide.mcu.externaltools.gnu-tools-for-stm32.9-2020-q2-update.win32_2.0.0.202105311346/tools/bin/../lib/gcc/arm-none-eabi/9.3.1/thumb/v7-m/nofp/crtn.o
OUTPUT(LAB3_EXE.elf elf32-littlearm)
LOAD linker stubs
LOAD c:/st/stm32cubeide_1.7.0/stm32cubeide/plugins/com.st.stm32cube.ide.mcu.externaltools.gnu-tools-for-stm32.9-2020-q2-update.win32_2.0.0.202105311346/tools/bin/../lib/gcc/arm-none-eabi/9.3.1/../../../../arm-none-eabi/lib/thumb/v7-m/nofp\libc.a
LOAD c:/st/stm32cubeide_1.7.0/stm32cubeide/plugins/com.st.stm32cube.ide.mcu.externaltools.gnu-tools-for-stm32.9-2020-q2-update.win32_2.0.0.202105311346/tools/bin/../lib/gcc/arm-none-eabi/9.3.1/../../../../arm-none-eabi/lib/thumb/v7-m/nofp\libm.a
LOAD c:/st/stm32cubeide_1.7.0/stm32cubeide/plugins/com.st.stm32cube.ide.mcu.externaltools.gnu-tools-for-stm32.9-2020-q2-update.win32_2.0.0.202105311346/tools/bin/../lib/gcc/arm-none-eabi/9.3.1/thumb/v7-m/nofp\libgcc.a

.debug_info     0x0000000000000000     0x94cb
 .debug_info    0x0000000000000000      0x422 ./Core/Src/button.o
 .debug_info    0x0000000000000422      0x229 ./Core/Src/fsm_automatic.o
 .debug_info    0x000000000000064b      0x229 ./Core/Src/fsm_manual.o
 .debug_info    0x0000000000000874      0x255 ./Core/Src/global.o
 .debug_info    0x0000000000000ac9      0xc48 ./Core/Src/main.o
 .debug_info    0x0000000000001711      0x363 ./Core/Src/set_traffic_led.o
 .debug_info    0x0000000000001a74      0x186 ./Core/Src/software_timer.o
 .debug_info    0x0000000000001bfa      0xa09 ./Core/Src/stm32f1xx_hal_msp.o
 .debug_info    0x0000000000002603      0x7b9 ./Core/Src/stm32f1xx_it.o
 .debug_info    0x0000000000002dbc      0x2be ./Core/Src/system_stm32f1xx.o
 .debug_info    0x000000000000307a       0x22 ./Core/Startup/startup_stm32f103c6ux.o
 .debug_info    0x000000000000309c      0x74c ./Drivers/STM32F1xx_HAL_Driver/Src/stm32f1xx_hal.o
 .debug_info    0x00000000000037e8      0xbbe ./Drivers/STM32F1xx_HAL_Driver/Src/stm32f1xx_hal_cortex.o
 .debug_info    0x00000000000043a6      0x701 ./Drivers/STM32F1xx_HAL_Driver/Src/stm32f1xx_hal_gpio.o
 .debug_info    0x0000000000004aa7      0x893 ./Drivers/STM32F1xx_HAL_Driver/Src/stm32f1xx_hal_rcc.o
 .debug_info    0x000000000000533a     0x2c12 ./Drivers/STM32F1xx_HAL_Driver/Src/stm32f1xx_hal_tim.o
 .debug_info    0x0000000000007f4c     0x157f ./Drivers/STM32F1xx_HAL_Driver/Src/stm32f1xx_hal_tim_ex.o

.debug_abbrev   0x0000000000000000     0x1a0e
 .debug_abbrev  0x0000000000000000      0x13b ./Core/Src/button.o
 .debug_abbrev  0x000000000000013b       0xb6 ./Core/Src/fsm_automatic.o
 .debug_abbrev  0x00000000000001f1       0xb6 ./Core/Src/fsm_manual.o
 .debug_abbrev  0x00000000000002a7       0xa9 ./Core/Src/global.o
 .debug_abbrev  0x0000000000000350      0x22c ./Core/Src/main.o
 .debug_abbrev  0x000000000000057c      0x123 ./Core/Src/set_traffic_led.o
 .debug_abbrev  0x000000000000069f       0xc3 ./Core/Src/software_timer.o
 .debug_abbrev  0x0000000000000762      0x1b7 ./Core/Src/stm32f1xx_hal_msp.o
 .debug_abbrev  0x0000000000000919      0x176 ./Core/Src/stm32f1xx_it.o
 .debug_abbrev  0x0000000000000a8f      0x14e ./Core/Src/system_stm32f1xx.o
 .debug_abbrev  0x0000000000000bdd       0x12 ./Core/Startup/startup_stm32f103c6ux.o
 .debug_abbrev  0x0000000000000bef      0x1ed ./Drivers/STM32F1xx_HAL_Driver/Src/stm32f1xx_hal.o
 .debug_abbrev  0x0000000000000ddc      0x313 ./Drivers/STM32F1xx_HAL_Driver/Src/stm32f1xx_hal_cortex.o
 .debug_abbrev  0x00000000000010ef      0x1e8 ./Drivers/STM32F1xx_HAL_Driver/Src/stm32f1xx_hal_gpio.o
 .debug_abbrev  0x00000000000012d7      0x273 ./Drivers/STM32F1xx_HAL_Driver/Src/stm32f1xx_hal_rcc.o
 .debug_abbrev  0x000000000000154a      0x25e ./Drivers/STM32F1xx_HAL_Driver/Src/stm32f1xx_hal_tim.o
 .debug_abbrev  0x00000000000017a8      0x266 ./Drivers/STM32F1xx_HAL_Driver/Src/stm32f1xx_hal_tim_ex.o

.debug_aranges  0x0000000000000000      0xa70
 .debug_aranges
                0x0000000000000000       0x58 ./Core/Src/button.o
 .debug_aranges
                0x0000000000000058       0x20 ./Core/Src/fsm_automatic.o
 .debug_aranges
                0x0000000000000078       0x20 ./Core/Src/fsm_manual.o
 .debug_aranges
                0x0000000000000098       0x18 ./Core/Src/global.o
 .debug_aranges
                0x00000000000000b0       0x48 ./Core/Src/main.o
 .debug_aranges
                0x00000000000000f8       0x50 ./Core/Src/set_traffic_led.o
 .debug_aranges
                0x0000000000000148       0x40 ./Core/Src/software_timer.o
 .debug_aranges
                0x0000000000000188       0x30 ./Core/Src/stm32f1xx_hal_msp.o
 .debug_aranges
                0x00000000000001b8       0x68 ./Core/Src/stm32f1xx_it.o
 .debug_aranges
                0x0000000000000220       0x28 ./Core/Src/system_stm32f1xx.o
 .debug_aranges
                0x0000000000000248       0x28 ./Core/Startup/startup_stm32f103c6ux.o
 .debug_aranges
                0x0000000000000270       0xe0 ./Drivers/STM32F1xx_HAL_Driver/Src/stm32f1xx_hal.o
 .debug_aranges
                0x0000000000000350      0x100 ./Drivers/STM32F1xx_HAL_Driver/Src/stm32f1xx_hal_cortex.o
 .debug_aranges
                0x0000000000000450       0x58 ./Drivers/STM32F1xx_HAL_Driver/Src/stm32f1xx_hal_gpio.o
 .debug_aranges
                0x00000000000004a8       0x90 ./Drivers/STM32F1xx_HAL_Driver/Src/stm32f1xx_hal_rcc.o
 .debug_aranges
                0x0000000000000538      0x3d0 ./Drivers/STM32F1xx_HAL_Driver/Src/stm32f1xx_hal_tim.o
 .debug_aranges
                0x0000000000000908      0x168 ./Drivers/STM32F1xx_HAL_Driver/Src/stm32f1xx_hal_tim_ex.o

.debug_ranges   0x0000000000000000      0x960
 .debug_ranges  0x0000000000000000       0x48 ./Core/Src/button.o
 .debug_ranges  0x0000000000000048       0x10 ./Core/Src/fsm_automatic.o
 .debug_ranges  0x0000000000000058       0x10 ./Core/Src/fsm_manual.o
 .debug_ranges  0x0000000000000068       0x38 ./Core/Src/main.o
 .debug_ranges  0x00000000000000a0       0x40 ./Core/Src/set_traffic_led.o
 .debug_ranges  0x00000000000000e0       0x30 ./Core/Src/software_timer.o
 .debug_ranges  0x0000000000000110       0x20 ./Core/Src/stm32f1xx_hal_msp.o
 .debug_ranges  0x0000000000000130       0x58 ./Core/Src/stm32f1xx_it.o
 .debug_ranges  0x0000000000000188       0x18 ./Core/Src/system_stm32f1xx.o
 .debug_ranges  0x00000000000001a0       0x20 ./Core/Startup/startup_stm32f103c6ux.o
 .debug_ranges  0x00000000000001c0       0xd0 ./Drivers/STM32F1xx_HAL_Driver/Src/stm32f1xx_hal.o
 .debug_ranges  0x0000000000000290       0xf0 ./Drivers/STM32F1xx_HAL_Driver/Src/stm32f1xx_hal_cortex.o
 .debug_ranges  0x0000000000000380       0x48 ./Drivers/STM32F1xx_HAL_Driver/Src/stm32f1xx_hal_gpio.o
 .debug_ranges  0x00000000000003c8       0x80 ./Drivers/STM32F1xx_HAL_Driver/Src/stm32f1xx_hal_rcc.o
 .debug_ranges  0x0000000000000448      0x3c0 ./Drivers/STM32F1xx_HAL_Driver/Src/stm32f1xx_hal_tim.o
 .debug_ranges  0x0000000000000808      0x158 ./Drivers/STM32F1xx_HAL_Driver/Src/stm32f1xx_hal_tim_ex.o

.debug_macro    0x0000000000000000    0x16c42
 .debug_macro   0x0000000000000000      0x1e0 ./Core/Src/button.o
 .debug_macro   0x00000000000001e0      0xa9c ./Core/Src/button.o
 .debug_macro   0x0000000000000c7c      0x215 ./Core/Src/button.o
 .debug_macro   0x0000000000000e91       0x2e ./Core/Src/button.o
 .debug_macro   0x0000000000000ebf       0x22 ./Core/Src/button.o
 .debug_macro   0x0000000000000ee1       0x22 ./Core/Src/button.o
 .debug_macro   0x0000000000000f03       0x8e ./Core/Src/button.o
 .debug_macro   0x0000000000000f91       0x51 ./Core/Src/button.o
 .debug_macro   0x0000000000000fe2      0x103 ./Core/Src/button.o
 .debug_macro   0x00000000000010e5       0x6a ./Core/Src/button.o
 .debug_macro   0x000000000000114f      0x1df ./Core/Src/button.o
 .debug_macro   0x000000000000132e       0x1c ./Core/Src/button.o
 .debug_macro   0x000000000000134a       0x22 ./Core/Src/button.o
 .debug_macro   0x000000000000136c       0xc3 ./Core/Src/button.o
 .debug_macro   0x000000000000142f      0xd23 ./Core/Src/button.o
 .debug_macro   0x0000000000002152     0xde75 ./Core/Src/button.o
 .debug_macro   0x000000000000ffc7       0x6d ./Core/Src/button.o
 .debug_macro   0x0000000000010034     0x348d ./Core/Src/button.o
 .debug_macro   0x00000000000134c1      0x174 ./Core/Src/button.o
 .debug_macro   0x0000000000013635       0x5c ./Core/Src/button.o
 .debug_macro   0x0000000000013691      0x5bc ./Core/Src/button.o
 .debug_macro   0x0000000000013c4d      0x1b7 ./Core/Src/button.o
 .debug_macro   0x0000000000013e04      0x1cb ./Core/Src/button.o
 .debug_macro   0x0000000000013fcf      0x114 ./Core/Src/button.o
 .debug_macro   0x00000000000140e3      0x1b2 ./Core/Src/button.o
 .debug_macro   0x0000000000014295       0x27 ./Core/Src/button.o
 .debug_macro   0x00000000000142bc      0x12f ./Core/Src/button.o
 .debug_macro   0x00000000000143eb      0x1bc ./Core/Src/button.o
 .debug_macro   0x00000000000145a7       0x34 ./Core/Src/button.o
 .debug_macro   0x00000000000145db       0x3c ./Core/Src/button.o
 .debug_macro   0x0000000000014617       0x57 ./Core/Src/button.o
 .debug_macro   0x000000000001466e       0x87 ./Core/Src/button.o
 .debug_macro   0x00000000000146f5      0x183 ./Core/Src/button.o
 .debug_macro   0x0000000000014878      0x140 ./Core/Src/button.o
 .debug_macro   0x00000000000149b8      0x8ed ./Core/Src/button.o
 .debug_macro   0x00000000000152a5       0x69 ./Core/Src/button.o
 .debug_macro   0x000000000001530e       0x4c ./Core/Src/button.o
 .debug_macro   0x000000000001535a       0x2e ./Core/Src/button.o
 .debug_macro   0x0000000000015388       0x10 ./Core/Src/button.o
 .debug_macro   0x0000000000015398      0x1e0 ./Core/Src/fsm_automatic.o
 .debug_macro   0x0000000000015578       0x16 ./Core/Src/fsm_automatic.o
 .debug_macro   0x000000000001558e      0x1e0 ./Core/Src/fsm_manual.o
 .debug_macro   0x000000000001576e      0x1d6 ./Core/Src/global.o
 .debug_macro   0x0000000000015944      0x1ea ./Core/Src/main.o
 .debug_macro   0x0000000000015b2e      0x1e0 ./Core/Src/set_traffic_led.o
 .debug_macro   0x0000000000015d0e       0x1b ./Core/Src/software_timer.o
 .debug_macro   0x0000000000015d29      0x1a6 ./Core/Src/stm32f1xx_hal_msp.o
 .debug_macro   0x0000000000015ecf      0x1b0 ./Core/Src/stm32f1xx_it.o
 .debug_macro   0x000000000001607f      0x197 ./Core/Src/system_stm32f1xx.o
 .debug_macro   0x0000000000016216      0x1bb ./Drivers/STM32F1xx_HAL_Driver/Src/stm32f1xx_hal.o
 .debug_macro   0x00000000000163d1      0x197 ./Drivers/STM32F1xx_HAL_Driver/Src/stm32f1xx_hal_cortex.o
 .debug_macro   0x0000000000016568      0x202 ./Drivers/STM32F1xx_HAL_Driver/Src/stm32f1xx_hal_gpio.o
 .debug_macro   0x000000000001676a      0x1a9 ./Drivers/STM32F1xx_HAL_Driver/Src/stm32f1xx_hal_rcc.o
 .debug_macro   0x0000000000016913      0x198 ./Drivers/STM32F1xx_HAL_Driver/Src/stm32f1xx_hal_tim.o
 .debug_macro   0x0000000000016aab      0x197 ./Drivers/STM32F1xx_HAL_Driver/Src/stm32f1xx_hal_tim_ex.o

.debug_line     0x0000000000000000     0xb938
 .debug_line    0x0000000000000000      0x80a ./Core/Src/button.o
 .debug_line    0x000000000000080a      0x72f ./Core/Src/fsm_automatic.o
 .debug_line    0x0000000000000f39      0x768 ./Core/Src/fsm_manual.o
 .debug_line    0x00000000000016a1      0x682 ./Core/Src/global.o
 .debug_line    0x0000000000001d23      0x7f5 ./Core/Src/main.o
 .debug_line    0x0000000000002518      0x783 ./Core/Src/set_traffic_led.o
 .debug_line    0x0000000000002c9b      0x121 ./Core/Src/software_timer.o
 .debug_line    0x0000000000002dbc      0x6a1 ./Core/Src/stm32f1xx_hal_msp.o
 .debug_line    0x000000000000345d      0x73f ./Core/Src/stm32f1xx_it.o
 .debug_line    0x0000000000003b9c      0x6e3 ./Core/Src/system_stm32f1xx.o
 .debug_line    0x000000000000427f       0x86 ./Core/Startup/startup_stm32f103c6ux.o
 .debug_line    0x0000000000004305      0x910 ./Drivers/STM32F1xx_HAL_Driver/Src/stm32f1xx_hal.o
 .debug_line    0x0000000000004c15      0xaf8 ./Drivers/STM32F1xx_HAL_Driver/Src/stm32f1xx_hal_cortex.o
 .debug_line    0x000000000000570d      0x993 ./Drivers/STM32F1xx_HAL_Driver/Src/stm32f1xx_hal_gpio.o
 .debug_line    0x00000000000060a0      0xd1c ./Drivers/STM32F1xx_HAL_Driver/Src/stm32f1xx_hal_rcc.o
 .debug_line    0x0000000000006dbc     0x3346 ./Drivers/STM32F1xx_HAL_Driver/Src/stm32f1xx_hal_tim.o
 .debug_line    0x000000000000a102     0x1836 ./Drivers/STM32F1xx_HAL_Driver/Src/stm32f1xx_hal_tim_ex.o

.debug_str      0x0000000000000000    0x8215b
 .debug_str     0x0000000000000000    0x7f6a1 ./Core/Src/button.o
                                      0x7fa26 (size before relaxing)
 .debug_str     0x000000000007f6a1       0x44 ./Core/Src/fsm_automatic.o
                                      0x7f91f (size before relaxing)
 .debug_str     0x000000000007f6e5       0x3b ./Core/Src/fsm_manual.o
                                      0x7f916 (size before relaxing)
 .debug_str     0x000000000007f720       0x15 ./Core/Src/global.o
                                      0x7f8f0 (size before relaxing)
 .debug_str     0x000000000007f735      0x6da ./Core/Src/main.o
                                      0x800da (size before relaxing)
 .debug_str     0x000000000007fe0f       0x7c ./Core/Src/set_traffic_led.o
                                      0x7f98b (size before relaxing)
 .debug_str     0x000000000007fe8b       0x8e ./Core/Src/software_timer.o
                                       0x2e18 (size before relaxing)
 .debug_str     0x000000000007ff19      0x2ba ./Core/Src/stm32f1xx_hal_msp.o
                                      0x7ff7b (size before relaxing)
 .debug_str     0x00000000000801d3       0xcd ./Core/Src/stm32f1xx_it.o
                                      0x7fcdd (size before relaxing)
 .debug_str     0x00000000000802a0       0x52 ./Core/Src/system_stm32f1xx.o
                                      0x7f6be (size before relaxing)
 .debug_str     0x00000000000802f2       0x36 ./Core/Startup/startup_stm32f103c6ux.o
                                         0x4d (size before relaxing)
 .debug_str     0x0000000000080328      0x304 ./Drivers/STM32F1xx_HAL_Driver/Src/stm32f1xx_hal.o
                                      0x7fd15 (size before relaxing)
 .debug_str     0x000000000008062c      0x300 ./Drivers/STM32F1xx_HAL_Driver/Src/stm32f1xx_hal_cortex.o
                                      0x7fd1d (size before relaxing)
 .debug_str     0x000000000008092c      0x324 ./Drivers/STM32F1xx_HAL_Driver/Src/stm32f1xx_hal_gpio.o
                                      0x7fa82 (size before relaxing)
 .debug_str     0x0000000000080c50      0x24f ./Drivers/STM32F1xx_HAL_Driver/Src/stm32f1xx_hal_rcc.o
                                      0x7fabb (size before relaxing)
 .debug_str     0x0000000000080e9f      0xdce ./Drivers/STM32F1xx_HAL_Driver/Src/stm32f1xx_hal_tim.o
                                      0x80a94 (size before relaxing)
 .debug_str     0x0000000000081c6d      0x4ee ./Drivers/STM32F1xx_HAL_Driver/Src/stm32f1xx_hal_tim_ex.o
                                      0x80245 (size before relaxing)

.comment        0x0000000000000000       0x53
 .comment       0x0000000000000000       0x53 ./Core/Src/button.o
                                         0x54 (size before relaxing)
 .comment       0x0000000000000053       0x54 ./Core/Src/fsm_automatic.o
 .comment       0x0000000000000053       0x54 ./Core/Src/fsm_manual.o
 .comment       0x0000000000000053       0x54 ./Core/Src/global.o
 .comment       0x0000000000000053       0x54 ./Core/Src/main.o
 .comment       0x0000000000000053       0x54 ./Core/Src/set_traffic_led.o
 .comment       0x0000000000000053       0x54 ./Core/Src/software_timer.o
 .comment       0x0000000000000053       0x54 ./Core/Src/stm32f1xx_hal_msp.o
 .comment       0x0000000000000053       0x54 ./Core/Src/stm32f1xx_it.o
 .comment       0x0000000000000053       0x54 ./Core/Src/system_stm32f1xx.o
 .comment       0x0000000000000053       0x54 ./Drivers/STM32F1xx_HAL_Driver/Src/stm32f1xx_hal.o
 .comment       0x0000000000000053       0x54 ./Drivers/STM32F1xx_HAL_Driver/Src/stm32f1xx_hal_cortex.o
 .comment       0x0000000000000053       0x54 ./Drivers/STM32F1xx_HAL_Driver/Src/stm32f1xx_hal_gpio.o
 .comment       0x0000000000000053       0x54 ./Drivers/STM32F1xx_HAL_Driver/Src/stm32f1xx_hal_rcc.o
 .comment       0x0000000000000053       0x54 ./Drivers/STM32F1xx_HAL_Driver/Src/stm32f1xx_hal_tim.o
 .comment       0x0000000000000053       0x54 ./Drivers/STM32F1xx_HAL_Driver/Src/stm32f1xx_hal_tim_ex.o

.debug_frame    0x0000000000000000     0x2988
 .debug_frame   0x0000000000000000      0x104 ./Core/Src/button.o
 .debug_frame   0x0000000000000104       0x2c ./Core/Src/fsm_automatic.o
 .debug_frame   0x0000000000000130       0x2c ./Core/Src/fsm_manual.o
 .debug_frame   0x000000000000015c       0xd4 ./Core/Src/main.o
 .debug_frame   0x0000000000000230       0xec ./Core/Src/set_traffic_led.o
 .debug_frame   0x000000000000031c       0xd0 ./Core/Src/software_timer.o
 .debug_frame   0x00000000000003ec       0x80 ./Core/Src/stm32f1xx_hal_msp.o
 .debug_frame   0x000000000000046c      0x120 ./Core/Src/stm32f1xx_it.o
 .debug_frame   0x000000000000058c       0x58 ./Core/Src/system_stm32f1xx.o
 .debug_frame   0x00000000000005e4      0x334 ./Drivers/STM32F1xx_HAL_Driver/Src/stm32f1xx_hal.o
 .debug_frame   0x0000000000000918      0x428 ./Drivers/STM32F1xx_HAL_Driver/Src/stm32f1xx_hal_cortex.o
 .debug_frame   0x0000000000000d40      0x14c ./Drivers/STM32F1xx_HAL_Driver/Src/stm32f1xx_hal_gpio.o
 .debug_frame   0x0000000000000e8c      0x218 ./Drivers/STM32F1xx_HAL_Driver/Src/stm32f1xx_hal_rcc.o
 .debug_frame   0x00000000000010a4     0x11b8 ./Drivers/STM32F1xx_HAL_Driver/Src/stm32f1xx_hal_tim.o
 .debug_frame   0x000000000000225c      0x638 ./Drivers/STM32F1xx_HAL_Driver/Src/stm32f1xx_hal_tim_ex.o
 .debug_frame   0x0000000000002894       0x2c c:/st/stm32cubeide_1.7.0/stm32cubeide/plugins/com.st.stm32cube.ide.mcu.externaltools.gnu-tools-for-stm32.9-2020-q2-update.win32_2.0.0.202105311346/tools/bin/../lib/gcc/arm-none-eabi/9.3.1/../../../../arm-none-eabi/lib/thumb/v7-m/nofp\libc_nano.a(lib_a-init.o)
 .debug_frame   0x00000000000028c0       0x20 c:/st/stm32cubeide_1.7.0/stm32cubeide/plugins/com.st.stm32cube.ide.mcu.externaltools.gnu-tools-for-stm32.9-2020-q2-update.win32_2.0.0.202105311346/tools/bin/../lib/gcc/arm-none-eabi/9.3.1/../../../../arm-none-eabi/lib/thumb/v7-m/nofp\libc_nano.a(lib_a-memset.o)
 .debug_frame   0x00000000000028e0       0x4c c:/st/stm32cubeide_1.7.0/stm32cubeide/plugins/com.st.stm32cube.ide.mcu.externaltools.gnu-tools-for-stm32.9-2020-q2-update.win32_2.0.0.202105311346/tools/bin/../lib/gcc/arm-none-eabi/9.3.1/thumb/v7-m/nofp\libgcc.a(_arm_addsubsf3.o)
 .debug_frame   0x000000000000292c       0x38 c:/st/stm32cubeide_1.7.0/stm32cubeide/plugins/com.st.stm32cube.ide.mcu.externaltools.gnu-tools-for-stm32.9-2020-q2-update.win32_2.0.0.202105311346/tools/bin/../lib/gcc/arm-none-eabi/9.3.1/thumb/v7-m/nofp\libgcc.a(_arm_muldivsf3.o)
 .debug_frame   0x0000000000002964       0x24 c:/st/stm32cubeide_1.7.0/stm32cubeide/plugins/com.st.stm32cube.ide.mcu.externaltools.gnu-tools-for-stm32.9-2020-q2-update.win32_2.0.0.202105311346/tools/bin/../lib/gcc/arm-none-eabi/9.3.1/thumb/v7-m/nofp\libgcc.a(_arm_fixsfsi.o)
